Archive member included because of file (symbol)

c:/program files (x86)/gnu tools arm embedded/4.9 2015q3/bin/../lib/gcc/arm-none-eabi/4.9.3/armv7e-m/fpu\libgcc.a(_arm_addsubdf3.o)
                              ./src/hal_entry.o (__aeabi_ui2d)
c:/program files (x86)/gnu tools arm embedded/4.9 2015q3/bin/../lib/gcc/arm-none-eabi/4.9.3/armv7e-m/fpu\libgcc.a(_arm_cmpdf2.o)
                              ./src/hal_entry.o (__aeabi_dcmpgt)
c:/program files (x86)/gnu tools arm embedded/4.9 2015q3/bin/../lib/gcc/arm-none-eabi/4.9.3/armv7e-m/fpu\libgcc.a(_aeabi_uldivmod.o)
                              ./synergy/ssp/src/driver/r_gpt/r_gpt.o (__aeabi_uldivmod)
c:/program files (x86)/gnu tools arm embedded/4.9 2015q3/bin/../lib/gcc/arm-none-eabi/4.9.3/armv7e-m/fpu\libgcc.a(bpabi.o)
                              c:/program files (x86)/gnu tools arm embedded/4.9 2015q3/bin/../lib/gcc/arm-none-eabi/4.9.3/armv7e-m/fpu\libgcc.a(_aeabi_uldivmod.o) (__gnu_uldivmod_helper)
c:/program files (x86)/gnu tools arm embedded/4.9 2015q3/bin/../lib/gcc/arm-none-eabi/4.9.3/armv7e-m/fpu\libgcc.a(_dvmd_tls.o)
                              c:/program files (x86)/gnu tools arm embedded/4.9 2015q3/bin/../lib/gcc/arm-none-eabi/4.9.3/armv7e-m/fpu\libgcc.a(_aeabi_uldivmod.o) (__aeabi_ldiv0)
c:/program files (x86)/gnu tools arm embedded/4.9 2015q3/bin/../lib/gcc/arm-none-eabi/4.9.3/armv7e-m/fpu\libgcc.a(_divdi3.o)
                              c:/program files (x86)/gnu tools arm embedded/4.9 2015q3/bin/../lib/gcc/arm-none-eabi/4.9.3/armv7e-m/fpu\libgcc.a(bpabi.o) (__divdi3)
c:/program files (x86)/gnu tools arm embedded/4.9 2015q3/bin/../lib/gcc/arm-none-eabi/4.9.3/armv7e-m/fpu\libgcc.a(_udivdi3.o)
                              c:/program files (x86)/gnu tools arm embedded/4.9 2015q3/bin/../lib/gcc/arm-none-eabi/4.9.3/armv7e-m/fpu\libgcc.a(bpabi.o) (__udivdi3)
c:/program files (x86)/gnu tools arm embedded/4.9 2015q3/bin/../lib/gcc/arm-none-eabi/4.9.3/../../../../arm-none-eabi/lib/armv7e-m/fpu\libg_nano.a(lib_a-errno.o)
                              ./synergy/ssp/src/bsp/mcu/all/bsp_sbrk.o (__errno)
c:/program files (x86)/gnu tools arm embedded/4.9 2015q3/bin/../lib/gcc/arm-none-eabi/4.9.3/../../../../arm-none-eabi/lib/armv7e-m/fpu\libg_nano.a(lib_a-exit.o)
                              c:/program files (x86)/gnu tools arm embedded/4.9 2015q3/bin/../lib/gcc/arm-none-eabi/4.9.3/../../../../arm-none-eabi/lib/armv7e-m/fpu/rdimon-crt0.o (exit)
c:/program files (x86)/gnu tools arm embedded/4.9 2015q3/bin/../lib/gcc/arm-none-eabi/4.9.3/../../../../arm-none-eabi/lib/armv7e-m/fpu\libg_nano.a(lib_a-impure.o)
                              c:/program files (x86)/gnu tools arm embedded/4.9 2015q3/bin/../lib/gcc/arm-none-eabi/4.9.3/../../../../arm-none-eabi/lib/armv7e-m/fpu\libg_nano.a(lib_a-exit.o) (_global_impure_ptr)
c:/program files (x86)/gnu tools arm embedded/4.9 2015q3/bin/../lib/gcc/arm-none-eabi/4.9.3/../../../../arm-none-eabi/lib/armv7e-m/fpu\libg_nano.a(lib_a-init.o)
                              c:/program files (x86)/gnu tools arm embedded/4.9 2015q3/bin/../lib/gcc/arm-none-eabi/4.9.3/../../../../arm-none-eabi/lib/armv7e-m/fpu/rdimon-crt0.o (__libc_init_array)
c:/program files (x86)/gnu tools arm embedded/4.9 2015q3/bin/../lib/gcc/arm-none-eabi/4.9.3/../../../../arm-none-eabi/lib/armv7e-m/fpu\libg_nano.a(lib_a-memset.o)
                              c:/program files (x86)/gnu tools arm embedded/4.9 2015q3/bin/../lib/gcc/arm-none-eabi/4.9.3/../../../../arm-none-eabi/lib/armv7e-m/fpu/rdimon-crt0.o (memset)
c:/program files (x86)/gnu tools arm embedded/4.9 2015q3/bin/../lib/gcc/arm-none-eabi/4.9.3/../../../../arm-none-eabi/lib/armv7e-m/fpu\librdimon_nano.a(rdimon-syscalls.o)
                              c:/program files (x86)/gnu tools arm embedded/4.9 2015q3/bin/../lib/gcc/arm-none-eabi/4.9.3/../../../../arm-none-eabi/lib/armv7e-m/fpu/rdimon-crt0.o (initialise_monitor_handles)
c:/program files (x86)/gnu tools arm embedded/4.9 2015q3/bin/../lib/gcc/arm-none-eabi/4.9.3/../../../../arm-none-eabi/lib/armv7e-m/fpu\librdimon_nano.a(rdimon-_exit.o)
                              c:/program files (x86)/gnu tools arm embedded/4.9 2015q3/bin/../lib/gcc/arm-none-eabi/4.9.3/../../../../arm-none-eabi/lib/armv7e-m/fpu\libg_nano.a(lib_a-exit.o) (_exit)
c:/program files (x86)/gnu tools arm embedded/4.9 2015q3/bin/../lib/gcc/arm-none-eabi/4.9.3/../../../../arm-none-eabi/lib/armv7e-m/fpu\librdimon_nano.a(rdimon-_kill.o)
                              c:/program files (x86)/gnu tools arm embedded/4.9 2015q3/bin/../lib/gcc/arm-none-eabi/4.9.3/../../../../arm-none-eabi/lib/armv7e-m/fpu\librdimon_nano.a(rdimon-_exit.o) (_kill)
c:/program files (x86)/gnu tools arm embedded/4.9 2015q3/bin/../lib/gcc/arm-none-eabi/4.9.3/../../../../arm-none-eabi/lib/armv7e-m/fpu\libc_nano.a(lib_a-findfp.o)
[...]
Memory Configuration

Name             Origin             Length             Attributes
FLASH            0x00000000         0x00400000         xr
RAM              0x1ffe0000         0x000a0000         xrw
DATA_FLASH       0x40100000         0x00010000         xr
QSPI_FLASH       0x60000000         0x04000000         xr
SDRAM            0x90000000         0x02000000         xrw
ID_CODES         0x40120050         0x00000010         xr
*default*        0x00000000         0xffffffff

Linker script and memory map

LOAD c:/program files (x86)/gnu tools arm embedded/4.9 2015q3/bin/../lib/gcc/arm-none-eabi/4.9.3/armv7e-m/fpu/crti.o
LOAD c:/program files (x86)/gnu tools arm embedded/4.9 2015q3/bin/../lib/gcc/arm-none-eabi/4.9.3/armv7e-m/fpu/crtbegin.o
LOAD c:/program files (x86)/gnu tools arm embedded/4.9 2015q3/bin/../lib/gcc/arm-none-eabi/4.9.3/../../../../arm-none-eabi/lib/armv7e-m/fpu/rdimon-crt0.o
START GROUP
LOAD ./synergy/ssp/src/driver/r_ioport/r_ioport.o
LOAD ./synergy/ssp/src/driver/r_icu/r_icu.o
LOAD ./synergy/ssp/src/driver/r_gpt/r_gpt.o
LOAD ./synergy/ssp/src/driver/r_fmi/r_fmi.o
LOAD ./synergy/ssp/src/driver/r_elc/r_elc.o
LOAD ./synergy/ssp/src/driver/r_cgc/hw/hw_cgc.o
LOAD ./synergy/ssp/src/driver/r_cgc/r_cgc.o
LOAD ./synergy/ssp/src/bsp/mcu/s7g2/bsp_cache.o
LOAD ./synergy/ssp/src/bsp/mcu/s7g2/bsp_clocks.o
LOAD ./synergy/ssp/src/bsp/mcu/s7g2/bsp_feature.o
LOAD ./synergy/ssp/src/bsp/mcu/s7g2/bsp_fmi_R7FS7G27H3A01CFC.o
LOAD ./synergy/ssp/src/bsp/mcu/s7g2/bsp_group_irq.o
LOAD ./synergy/ssp/src/bsp/mcu/s7g2/bsp_hw_locks.o
LOAD ./synergy/ssp/src/bsp/mcu/s7g2/bsp_module_stop.o
LOAD ./synergy/ssp/src/bsp/mcu/s7g2/bsp_rom_registers.o
LOAD ./synergy/ssp/src/bsp/mcu/all/bsp_common.o
LOAD ./synergy/ssp/src/bsp/mcu/all/bsp_common_leds.o
LOAD ./synergy/ssp/src/bsp/mcu/all/bsp_delay.o
LOAD ./synergy/ssp/src/bsp/mcu/all/bsp_irq.o
LOAD ./synergy/ssp/src/bsp/mcu/all/bsp_locking.o
LOAD ./synergy/ssp/src/bsp/mcu/all/bsp_register_protection.o
LOAD ./synergy/ssp/src/bsp/mcu/all/bsp_sbrk.o
LOAD ./synergy/ssp/src/bsp/cmsis/Device/RENESAS/S7G2/Source/startup_S7G2.o
LOAD ./synergy/ssp/src/bsp/cmsis/Device/RENESAS/S7G2/Source/system_S7G2.o
LOAD ./synergy/board/s7g2_sk/bsp_init.o
LOAD ./synergy/board/s7g2_sk/bsp_leds.o
LOAD ./synergy/board/s7g2_sk/bsp_qspi.o
LOAD ./src/synergy_gen/common_data.o
LOAD ./src/synergy_gen/hal_data.o
LOAD ./src/synergy_gen/main.o
LOAD ./src/synergy_gen/pin_data.o
LOAD ./src/hal_entry.o
LOAD C:\Users\SEI201\git\Proyecto-Integrador\ISR_Example\synergy\ssp\src\bsp\cmsis\DSP_Lib\cm4_gcc\libDSP_Lib.a
END GROUP
START GROUP
LOAD c:/program files (x86)/gnu tools arm embedded/4.9 2015q3/bin/../lib/gcc/arm-none-eabi/4.9.3/armv7e-m/fpu\libgcc.a
LOAD c:/program files (x86)/gnu tools arm embedded/4.9 2015q3/bin/../lib/gcc/arm-none-eabi/4.9.3/../../../../arm-none-eabi/lib/armv7e-m/fpu\libg_nano.a
LOAD c:/program files (x86)/gnu tools arm embedded/4.9 2015q3/bin/../lib/gcc/arm-none-eabi/4.9.3/../../../../arm-none-eabi/lib/armv7e-m/fpu\libc_nano.a
END GROUP
START GROUP
LOAD c:/program files (x86)/gnu tools arm embedded/4.9 2015q3/bin/../lib/gcc/arm-none-eabi/4.9.3/armv7e-m/fpu\libgcc.a
LOAD c:/program files (x86)/gnu tools arm embedded/4.9 2015q3/bin/../lib/gcc/arm-none-eabi/4.9.3/../../../../arm-none-eabi/lib/armv7e-m/fpu\libc_nano.a
LOAD c:/program files (x86)/gnu tools arm embedded/4.9 2015q3/bin/../lib/gcc/arm-none-eabi/4.9.3/../../../../arm-none-eabi/lib/armv7e-m/fpu\librdimon_nano.a
END GROUP
START GROUP
LOAD c:/program files (x86)/gnu tools arm embedded/4.9 2015q3/bin/../lib/gcc/arm-none-eabi/4.9.3/armv7e-m/fpu\libgcc.a
LOAD c:/program files (x86)/gnu tools arm embedded/4.9 2015q3/bin/../lib/gcc/arm-none-eabi/4.9.3/../../../../arm-none-eabi/lib/armv7e-m/fpu\libc_nano.a
LOAD c:/program files (x86)/gnu tools arm embedded/4.9 2015q3/bin/../lib/gcc/arm-none-eabi/4.9.3/../../../../arm-none-eabi/lib/armv7e-m/fpu\librdimon_nano.a
END GROUP
LOAD c:/program files (x86)/gnu tools arm embedded/4.9 2015q3/bin/../lib/gcc/arm-none-eabi/4.9.3/armv7e-m/fpu/crtend.o
LOAD c:/program files (x86)/gnu tools arm embedded/4.9 2015q3/bin/../lib/gcc/arm-none-eabi/4.9.3/armv7e-m/fpu/crtn.o
START GROUP
LOAD c:/program files (x86)/gnu tools arm embedded/4.9 2015q3/bin/../lib/gcc/arm-none-eabi/4.9.3/armv7e-m/fpu\libgcc.a
LOAD c:/program files (x86)/gnu tools arm embedded/4.9 2015q3/bin/../lib/gcc/arm-none-eabi/4.9.3/../../../../arm-none-eabi/lib/armv7e-m/fpu\libc.a
LOAD c:/program files (x86)/gnu tools arm embedded/4.9 2015q3/bin/../lib/gcc/arm-none-eabi/4.9.3/../../../../arm-none-eabi/lib/armv7e-m/fpu\libm.a
LOAD c:/program files (x86)/gnu tools arm embedded/4.9 2015q3/bin/../lib/gcc/arm-none-eabi/4.9.3/../../../../arm-none-eabi/lib/armv7e-m/fpu\libnosys.a
END GROUP

.text           0x00000000     0x560c
                0x00000000                __ROM_Start = .
 *(.vectors)
 .vectors       0x00000000       0x40 ./synergy/ssp/src/bsp/cmsis/Device/RENESAS/S7G2/Source/startup_S7G2.o
                0x00000000                __Vectors
 *(SORT(.vector.*))
 .vector.ICU_IRQ10
                0x00000040        0x4 ./src/synergy_gen/hal_data.o
                0x00000040                g_vector_ICU_IRQ10
                0x00000044                __Vectors_End = .
                0x00000044                __end__ = .
                0x00000400                . = (__ROM_Start + 0x400)
 *fill*         0x00000044      0x3bc ff
 *(.rom_registers*)
 .rom_registers
                0x00000400       0x3c ./synergy/ssp/src/bsp/mcu/s7g2/bsp_rom_registers.o
                0x00000500                . = (__ROM_Start + 0x500)
 *fill*         0x0000043c       0xc4 ff
                0x00000500                __Vector_Info_Start = .
 *(SORT(.vector_info.*))
 .vector_info.ICU_IRQ10
                0x00000500        0x8 ./src/synergy_gen/hal_data.o
                0x00000500                g_vector_info_ICU_IRQ10
                0x00000508                __Vector_Info_End = .
                0x00000508                __Lock_Lookup_Start = .
 *(SORT(.hw_lock_lookup.*))
 .hw_lock_lookup.ADC_0U_0U
                0x00000508        0x4 ./synergy/ssp/src/bsp/mcu/s7g2/bsp_hw_locks.o
                0x00000508                g_lock_lookup_ADC_0U_0U
 .hw_lock_lookup.ADC_0U_1U
                0x0000050c        0x4 ./synergy/ssp/src/bsp/mcu/s7g2/bsp_hw_locks.o
                0x0000050c                g_lock_lookup_ADC_0U_1U
 .hw_lock_lookup.AGT_0U_0U
                0x00000510        0x4 ./synergy/ssp/src/bsp/mcu/s7g2/bsp_hw_locks.o
                0x00000510                g_lock_lookup_AGT_0U_0U
 .hw_lock_lookup.AGT_0U_1U
                0x00000514        0x4 ./synergy/ssp/src/bsp/mcu/s7g2/bsp_hw_locks.o
                0x00000514                g_lock_lookup_AGT_0U_1U
 .hw_lock_lookup.BSC_0U_1U
                0x00000518        0x4 ./synergy/ssp/src/bsp/mcu/s7g2/bsp_hw_locks.o
                0x00000518                g_lock_lookup_BSC_0U_1U
 .hw_lock_lookup.CAC_0U_0U
                0x0000051c        0x4 ./synergy/ssp/src/bsp/mcu/s7g2/bsp_hw_locks.o
                0x0000051c                g_lock_lookup_CAC_0U_0U
 .hw_lock_lookup.CAN_0U_0U
                0x00000520        0x4 ./synergy/ssp/src/bsp/mcu/s7g2/bsp_hw_locks.o
                0x00000520                g_lock_lookup_CAN_0U_0U
 .hw_lock_lookup.CAN_0U_1U
                0x00000524        0x4 ./synergy/ssp/src/bsp/mcu/s7g2/bsp_hw_locks.o
                0x00000524                g_lock_lookup_CAN_0U_1U
 .hw_lock_lookup.COMP_HS_0U_0U
                0x00000528        0x4 ./synergy/ssp/src/bsp/mcu/s7g2/bsp_hw_locks.o
                0x00000528                g_lock_lookup_COMP_HS_0U_0U
 .hw_lock_lookup.COMP_HS_0U_1U
                0x0000052c        0x4 ./synergy/ssp/src/bsp/mcu/s7g2/bsp_hw_locks.o
                0x0000052c                g_lock_lookup_COMP_HS_0U_1U
 .hw_lock_lookup.COMP_HS_0U_2U
                0x00000530        0x4 ./synergy/ssp/src/bsp/mcu/s7g2/bsp_hw_locks.o
                0x00000530                g_lock_lookup_COMP_HS_0U_2U
 .hw_lock_lookup.COMP_HS_0U_3U
                0x00000534        0x4 ./synergy/ssp/src/bsp/mcu/s7g2/bsp_hw_locks.o
                0x00000534                g_lock_lookup_COMP_HS_0U_3U
 .hw_lock_lookup.COMP_HS_0U_4U
                0x00000538        0x4 ./synergy/ssp/src/bsp/mcu/s7g2/bsp_hw_locks.o
                0x00000538                g_lock_lookup_COMP_HS_0U_4U
 .hw_lock_lookup.COMP_HS_0U_5U
                0x0000053c        0x4 ./synergy/ssp/src/bsp/mcu/s7g2/bsp_hw_locks.o
                0x0000053c                g_lock_lookup_COMP_HS_0U_5U
 .hw_lock_lookup.CRC_0U_0U
                0x00000540        0x4 ./synergy/ssp/src/bsp/mcu/s7g2/bsp_hw_locks.o
                0x00000540                g_lock_lookup_CRC_0U_0U
 .hw_lock_lookup.CTSU_0U_0U
                0x00000544        0x4 ./synergy/ssp/src/bsp/mcu/s7g2/bsp_hw_locks.o
                0x00000544                g_lock_lookup_CTSU_0U_0U
 .hw_lock_lookup.DAAD_0U_0U
                0x00000548        0x4 ./synergy/ssp/src/bsp/mcu/s7g2/bsp_hw_locks.o
                0x00000548                g_lock_lookup_DAAD_0U_0U
 .hw_lock_lookup.DAC_0U_0U
                0x0000054c        0x4 ./synergy/ssp/src/bsp/mcu/s7g2/bsp_hw_locks.o
                0x0000054c                g_lock_lookup_DAC_0U_0U
 .hw_lock_lookup.DAC_0U_1U
                0x00000550        0x4 ./synergy/ssp/src/bsp/mcu/s7g2/bsp_hw_locks.o
                0x00000550                g_lock_lookup_DAC_0U_1U
 .hw_lock_lookup.DMAC_0U_0U
                0x00000554        0x4 ./synergy/ssp/src/bsp/mcu/s7g2/bsp_hw_locks.o
                0x00000554                g_lock_lookup_DMAC_0U_0U
 .hw_lock_lookup.DMAC_0U_1U
                0x00000558        0x4 ./synergy/ssp/src/bsp/mcu/s7g2/bsp_hw_locks.o
                0x00000558                g_lock_lookup_DMAC_0U_1U
 .hw_lock_lookup.DMAC_0U_2U
                0x0000055c        0x4 ./synergy/ssp/src/bsp/mcu/s7g2/bsp_hw_locks.o
                0x0000055c                g_lock_lookup_DMAC_0U_2U
 .hw_lock_lookup.DMAC_0U_3U
                0x00000560        0x4 ./synergy/ssp/src/bsp/mcu/s7g2/bsp_hw_locks.o
                0x00000560                g_lock_lookup_DMAC_0U_3U
 .hw_lock_lookup.DMAC_0U_4U
                0x00000564        0x4 ./synergy/ssp/src/bsp/mcu/s7g2/bsp_hw_locks.o
                0x00000564                g_lock_lookup_DMAC_0U_4U
 .hw_lock_lookup.DMAC_0U_5U
                0x00000568        0x4 ./synergy/ssp/src/bsp/mcu/s7g2/bsp_hw_locks.o
                0x00000568                g_lock_lookup_DMAC_0U_5U
 .hw_lock_lookup.DMAC_0U_6U
                0x0000056c        0x4 ./synergy/ssp/src/bsp/mcu/s7g2/bsp_hw_locks.o
                0x0000056c                g_lock_lookup_DMAC_0U_6U
 .hw_lock_lookup.DMAC_0U_7U
                0x00000570        0x4 ./synergy/ssp/src/bsp/mcu/s7g2/bsp_hw_locks.o
                0x00000570                g_lock_lookup_DMAC_0U_7U
 .hw_lock_lookup.DOC_0U_0U
                0x00000574        0x4 ./synergy/ssp/src/bsp/mcu/s7g2/bsp_hw_locks.o
                0x00000574                g_lock_lookup_DOC_0U_0U
 .hw_lock_lookup.DRW_0U_0U
                0x00000578        0x4 ./synergy/ssp/src/bsp/mcu/s7g2/bsp_hw_locks.o
                0x00000578                g_lock_lookup_DRW_0U_0U
 .hw_lock_lookup.DTC_0U_0U
                0x0000057c        0x4 ./synergy/ssp/src/bsp/mcu/s7g2/bsp_hw_locks.o
                0x0000057c                g_lock_lookup_DTC_0U_0U
 .hw_lock_lookup.ELC_0U_0U
                0x00000580        0x4 ./synergy/ssp/src/bsp/mcu/s7g2/bsp_hw_locks.o
                0x00000580                g_lock_lookup_ELC_0U_0U
 .hw_lock_lookup.EPTPC_0U_0U
                0x00000584        0x4 ./synergy/ssp/src/bsp/mcu/s7g2/bsp_hw_locks.o
                0x00000584                g_lock_lookup_EPTPC_0U_0U
 .hw_lock_lookup.ETHER_0U_0U
                0x00000588        0x4 ./synergy/ssp/src/bsp/mcu/s7g2/bsp_hw_locks.o
                0x00000588                g_lock_lookup_ETHER_0U_0U
 .hw_lock_lookup.ETHER_0U_1U
                0x0000058c        0x4 ./synergy/ssp/src/bsp/mcu/s7g2/bsp_hw_locks.o
                0x0000058c                g_lock_lookup_ETHER_0U_1U
 .hw_lock_lookup.FCU_0U_0U
                0x00000590        0x4 ./synergy/ssp/src/bsp/mcu/s7g2/bsp_hw_locks.o
                0x00000590                g_lock_lookup_FCU_0U_0U
 .hw_lock_lookup.GLCDC_0U_0U
                0x00000594        0x4 ./synergy/ssp/src/bsp/mcu/s7g2/bsp_hw_locks.o
                0x00000594                g_lock_lookup_GLCDC_0U_0U
 .hw_lock_lookup.GPT_0U_0U
                0x00000598        0x4 ./synergy/ssp/src/bsp/mcu/s7g2/bsp_hw_locks.o
                0x00000598                g_lock_lookup_GPT_0U_0U
 .hw_lock_lookup.GPT_0U_10U
                0x0000059c        0x4 ./synergy/ssp/src/bsp/mcu/s7g2/bsp_hw_locks.o
                0x0000059c                g_lock_lookup_GPT_0U_10U
 .hw_lock_lookup.GPT_0U_11U
                0x000005a0        0x4 ./synergy/ssp/src/bsp/mcu/s7g2/bsp_hw_locks.o
                0x000005a0                g_lock_lookup_GPT_0U_11U
 .hw_lock_lookup.GPT_0U_12U
                0x000005a4        0x4 ./synergy/ssp/src/bsp/mcu/s7g2/bsp_hw_locks.o
                0x000005a4                g_lock_lookup_GPT_0U_12U
 .hw_lock_lookup.GPT_0U_13U
                0x000005a8        0x4 ./synergy/ssp/src/bsp/mcu/s7g2/bsp_hw_locks.o
                0x000005a8                g_lock_lookup_GPT_0U_13U
 .hw_lock_lookup.GPT_0U_1U
                0x000005ac        0x4 ./synergy/ssp/src/bsp/mcu/s7g2/bsp_hw_locks.o
                0x000005ac                g_lock_lookup_GPT_0U_1U
 .hw_lock_lookup.GPT_0U_2U
                0x000005b0        0x4 ./synergy/ssp/src/bsp/mcu/s7g2/bsp_hw_locks.o
                0x000005b0                g_lock_lookup_GPT_0U_2U
 .hw_lock_lookup.GPT_0U_3U
                0x000005b4        0x4 ./synergy/ssp/src/bsp/mcu/s7g2/bsp_hw_locks.o
                0x000005b4                g_lock_lookup_GPT_0U_3U
 .hw_lock_lookup.GPT_0U_4U
                0x000005b8        0x4 ./synergy/ssp/src/bsp/mcu/s7g2/bsp_hw_locks.o
                0x000005b8                g_lock_lookup_GPT_0U_4U
 .hw_lock_lookup.GPT_0U_5U
                0x000005bc        0x4 ./synergy/ssp/src/bsp/mcu/s7g2/bsp_hw_locks.o
                0x000005bc                g_lock_lookup_GPT_0U_5U
 .hw_lock_lookup.GPT_0U_6U
                0x000005c0        0x4 ./synergy/ssp/src/bsp/mcu/s7g2/bsp_hw_locks.o
                0x000005c0                g_lock_lookup_GPT_0U_6U
 .hw_lock_lookup.GPT_0U_7U
                0x000005c4        0x4 ./synergy/ssp/src/bsp/mcu/s7g2/bsp_hw_locks.o
                0x000005c4                g_lock_lookup_GPT_0U_7U
 .hw_lock_lookup.GPT_0U_8U
                0x000005c8        0x4 ./synergy/ssp/src/bsp/mcu/s7g2/bsp_hw_locks.o
                0x000005c8                g_lock_lookup_GPT_0U_8U
 .hw_lock_lookup.GPT_0U_9U
                0x000005cc        0x4 ./synergy/ssp/src/bsp/mcu/s7g2/bsp_hw_locks.o
                0x000005cc                g_lock_lookup_GPT_0U_9U
 .hw_lock_lookup.ICU_0U_0U
                0x000005d0        0x4 ./synergy/ssp/src/bsp/mcu/s7g2/bsp_hw_locks.o
                0x000005d0                g_lock_lookup_ICU_0U_0U
 .hw_lock_lookup.ICU_0U_10U
                0x000005d4        0x4 ./synergy/ssp/src/bsp/mcu/s7g2/bsp_hw_locks.o
                0x000005d4                g_lock_lookup_ICU_0U_10U
 .hw_lock_lookup.ICU_0U_11U
                0x000005d8        0x4 ./synergy/ssp/src/bsp/mcu/s7g2/bsp_hw_locks.o
                0x000005d8                g_lock_lookup_ICU_0U_11U
 .hw_lock_lookup.ICU_0U_12U
                0x000005dc        0x4 ./synergy/ssp/src/bsp/mcu/s7g2/bsp_hw_locks.o
                0x000005dc                g_lock_lookup_ICU_0U_12U
 .hw_lock_lookup.ICU_0U_13U
                0x000005e0        0x4 ./synergy/ssp/src/bsp/mcu/s7g2/bsp_hw_locks.o
                0x000005e0                g_lock_lookup_ICU_0U_13U
 .hw_lock_lookup.ICU_0U_14U
                0x000005e4        0x4 ./synergy/ssp/src/bsp/mcu/s7g2/bsp_hw_locks.o
                0x000005e4                g_lock_lookup_ICU_0U_14U
 .hw_lock_lookup.ICU_0U_15U
                0x000005e8        0x4 ./synergy/ssp/src/bsp/mcu/s7g2/bsp_hw_locks.o
                0x000005e8                g_lock_lookup_ICU_0U_15U
 .hw_lock_lookup.ICU_0U_1U
                0x000005ec        0x4 ./synergy/ssp/src/bsp/mcu/s7g2/bsp_hw_locks.o
                0x000005ec                g_lock_lookup_ICU_0U_1U
 .hw_lock_lookup.ICU_0U_2U
                0x000005f0        0x4 ./synergy/ssp/src/bsp/mcu/s7g2/bsp_hw_locks.o
                0x000005f0                g_lock_lookup_ICU_0U_2U
 .hw_lock_lookup.ICU_0U_3U
                0x000005f4        0x4 ./synergy/ssp/src/bsp/mcu/s7g2/bsp_hw_locks.o
                0x000005f4                g_lock_lookup_ICU_0U_3U
 .hw_lock_lookup.ICU_0U_4U
                0x000005f8        0x4 ./synergy/ssp/src/bsp/mcu/s7g2/bsp_hw_locks.o
                0x000005f8                g_lock_lookup_ICU_0U_4U
 .hw_lock_lookup.ICU_0U_5U
                0x000005fc        0x4 ./synergy/ssp/src/bsp/mcu/s7g2/bsp_hw_locks.o
                0x000005fc                g_lock_lookup_ICU_0U_5U
 .hw_lock_lookup.ICU_0U_6U
                0x00000600        0x4 ./synergy/ssp/src/bsp/mcu/s7g2/bsp_hw_locks.o
                0x00000600                g_lock_lookup_ICU_0U_6U
 .hw_lock_lookup.ICU_0U_7U
                0x00000604        0x4 ./synergy/ssp/src/bsp/mcu/s7g2/bsp_hw_locks.o
                0x00000604                g_lock_lookup_ICU_0U_7U
 .hw_lock_lookup.ICU_0U_8U
                0x00000608        0x4 ./synergy/ssp/src/bsp/mcu/s7g2/bsp_hw_locks.o
                0x00000608                g_lock_lookup_ICU_0U_8U
 .hw_lock_lookup.ICU_0U_9U
                0x0000060c        0x4 ./synergy/ssp/src/bsp/mcu/s7g2/bsp_hw_locks.o
                0x0000060c                g_lock_lookup_ICU_0U_9U
 .hw_lock_lookup.IIC_0U_0U
                0x00000610        0x4 ./synergy/ssp/src/bsp/mcu/s7g2/bsp_hw_locks.o
                0x00000610                g_lock_lookup_IIC_0U_0U
 .hw_lock_lookup.IIC_0U_1U
                0x00000614        0x4 ./synergy/ssp/src/bsp/mcu/s7g2/bsp_hw_locks.o
                0x00000614                g_lock_lookup_IIC_0U_1U
 .hw_lock_lookup.IIC_0U_2U
                0x00000618        0x4 ./synergy/ssp/src/bsp/mcu/s7g2/bsp_hw_locks.o
                0x00000618                g_lock_lookup_IIC_0U_2U
 .hw_lock_lookup.IRDA_0U_0U
                0x0000061c        0x4 ./synergy/ssp/src/bsp/mcu/s7g2/bsp_hw_locks.o
                0x0000061c                g_lock_lookup_IRDA_0U_0U
 .hw_lock_lookup.IWDT_0U_0U
                0x00000620        0x4 ./synergy/ssp/src/bsp/mcu/s7g2/bsp_hw_locks.o
                0x00000620                g_lock_lookup_IWDT_0U_0U
 .hw_lock_lookup.JPEG_0U_0U
                0x00000624        0x4 ./synergy/ssp/src/bsp/mcu/s7g2/bsp_hw_locks.o
                0x00000624                g_lock_lookup_JPEG_0U_0U
 .hw_lock_lookup.KEY_0U_0U
                0x00000628        0x4 ./synergy/ssp/src/bsp/mcu/s7g2/bsp_hw_locks.o
                0x00000628                g_lock_lookup_KEY_0U_0U
 .hw_lock_lookup.LPM_1U_0U
                0x0000062c        0x4 ./synergy/ssp/src/bsp/mcu/s7g2/bsp_hw_locks.o
                0x0000062c                g_lock_lookup_LPM_1U_0U
 .hw_lock_lookup.LVD_0U_0U
                0x00000630        0x4 ./synergy/ssp/src/bsp/mcu/s7g2/bsp_hw_locks.o
                0x00000630                g_lock_lookup_LVD_0U_0U
 .hw_lock_lookup.LVD_0U_1U
                0x00000634        0x4 ./synergy/ssp/src/bsp/mcu/s7g2/bsp_hw_locks.o
                0x00000634                g_lock_lookup_LVD_0U_1U
 .hw_lock_lookup.MMF_0U_0U
                0x00000638        0x4 ./synergy/ssp/src/bsp/mcu/s7g2/bsp_hw_locks.o
                0x00000638                g_lock_lookup_MMF_0U_0U
 .hw_lock_lookup.MPU_0U_0U
                0x0000063c        0x4 ./synergy/ssp/src/bsp/mcu/s7g2/bsp_hw_locks.o
                0x0000063c                g_lock_lookup_MPU_0U_0U
 .hw_lock_lookup.OPS_0U_0U
                0x00000640        0x4 ./synergy/ssp/src/bsp/mcu/s7g2/bsp_hw_locks.o
                0x00000640                g_lock_lookup_OPS_0U_0U
 .hw_lock_lookup.PDC_0U_0U
                0x00000644        0x4 ./synergy/ssp/src/bsp/mcu/s7g2/bsp_hw_locks.o
                0x00000644                g_lock_lookup_PDC_0U_0U
 .hw_lock_lookup.POEG_0U_0U
                0x00000648        0x4 ./synergy/ssp/src/bsp/mcu/s7g2/bsp_hw_locks.o
                0x00000648                g_lock_lookup_POEG_0U_0U
 .hw_lock_lookup.POEG_0U_1U
                0x0000064c        0x4 ./synergy/ssp/src/bsp/mcu/s7g2/bsp_hw_locks.o
                0x0000064c                g_lock_lookup_POEG_0U_1U
 .hw_lock_lookup.POEG_0U_2U
                0x00000650        0x4 ./synergy/ssp/src/bsp/mcu/s7g2/bsp_hw_locks.o
                0x00000650                g_lock_lookup_POEG_0U_2U
 .hw_lock_lookup.POEG_0U_3U
                0x00000654        0x4 ./synergy/ssp/src/bsp/mcu/s7g2/bsp_hw_locks.o
                0x00000654                g_lock_lookup_POEG_0U_3U
 .hw_lock_lookup.QSPI_0U_0U
                0x00000658        0x4 ./synergy/ssp/src/bsp/mcu/s7g2/bsp_hw_locks.o
                0x00000658                g_lock_lookup_QSPI_0U_0U
 .hw_lock_lookup.RTC_0U_0U
                0x0000065c        0x4 ./synergy/ssp/src/bsp/mcu/s7g2/bsp_hw_locks.o
                0x0000065c                g_lock_lookup_RTC_0U_0U
 .hw_lock_lookup.SCE_0U_0U
                0x00000660        0x4 ./synergy/ssp/src/bsp/mcu/s7g2/bsp_hw_locks.o
                0x00000660                g_lock_lookup_SCE_0U_0U
 .hw_lock_lookup.SCI_0U_0U
                0x00000664        0x4 ./synergy/ssp/src/bsp/mcu/s7g2/bsp_hw_locks.o
                0x00000664                g_lock_lookup_SCI_0U_0U
 .hw_lock_lookup.SCI_0U_1U
                0x00000668        0x4 ./synergy/ssp/src/bsp/mcu/s7g2/bsp_hw_locks.o
                0x00000668                g_lock_lookup_SCI_0U_1U
 .hw_lock_lookup.SCI_0U_2U
                0x0000066c        0x4 ./synergy/ssp/src/bsp/mcu/s7g2/bsp_hw_locks.o
                0x0000066c                g_lock_lookup_SCI_0U_2U
 .hw_lock_lookup.SCI_0U_3U
                0x00000670        0x4 ./synergy/ssp/src/bsp/mcu/s7g2/bsp_hw_locks.o
                0x00000670                g_lock_lookup_SCI_0U_3U
 .hw_lock_lookup.SCI_0U_4U
                0x00000674        0x4 ./synergy/ssp/src/bsp/mcu/s7g2/bsp_hw_locks.o
                0x00000674                g_lock_lookup_SCI_0U_4U
 .hw_lock_lookup.SCI_0U_5U
                0x00000678        0x4 ./synergy/ssp/src/bsp/mcu/s7g2/bsp_hw_locks.o
                0x00000678                g_lock_lookup_SCI_0U_5U
 .hw_lock_lookup.SCI_0U_6U
                0x0000067c        0x4 ./synergy/ssp/src/bsp/mcu/s7g2/bsp_hw_locks.o
                0x0000067c                g_lock_lookup_SCI_0U_6U
 .hw_lock_lookup.SCI_0U_7U
                0x00000680        0x4 ./synergy/ssp/src/bsp/mcu/s7g2/bsp_hw_locks.o
                0x00000680                g_lock_lookup_SCI_0U_7U
 .hw_lock_lookup.SCI_0U_8U
                0x00000684        0x4 ./synergy/ssp/src/bsp/mcu/s7g2/bsp_hw_locks.o
                0x00000684                g_lock_lookup_SCI_0U_8U
 .hw_lock_lookup.SCI_0U_9U
                0x00000688        0x4 ./synergy/ssp/src/bsp/mcu/s7g2/bsp_hw_locks.o
                0x00000688                g_lock_lookup_SCI_0U_9U
 .hw_lock_lookup.SDHIMMC_0U_0U
                0x0000068c        0x4 ./synergy/ssp/src/bsp/mcu/s7g2/bsp_hw_locks.o
                0x0000068c                g_lock_lookup_SDHIMMC_0U_0U
 .hw_lock_lookup.SDHIMMC_0U_1U
                0x00000690        0x4 ./synergy/ssp/src/bsp/mcu/s7g2/bsp_hw_locks.o
                0x00000690                g_lock_lookup_SDHIMMC_0U_1U
 .hw_lock_lookup.SPI_0U_0U
                0x00000694        0x4 ./synergy/ssp/src/bsp/mcu/s7g2/bsp_hw_locks.o
                0x00000694                g_lock_lookup_SPI_0U_0U
 .hw_lock_lookup.SPI_0U_1U
                0x00000698        0x4 ./synergy/ssp/src/bsp/mcu/s7g2/bsp_hw_locks.o
                0x00000698                g_lock_lookup_SPI_0U_1U
 .hw_lock_lookup.SRC_0U_0U
                0x0000069c        0x4 ./synergy/ssp/src/bsp/mcu/s7g2/bsp_hw_locks.o
                0x0000069c                g_lock_lookup_SRC_0U_0U
 .hw_lock_lookup.SSI_0U_0U
                0x000006a0        0x4 ./synergy/ssp/src/bsp/mcu/s7g2/bsp_hw_locks.o
                0x000006a0                g_lock_lookup_SSI_0U_0U
 .hw_lock_lookup.SSI_0U_1U
                0x000006a4        0x4 ./synergy/ssp/src/bsp/mcu/s7g2/bsp_hw_locks.o
                0x000006a4                g_lock_lookup_SSI_0U_1U
 .hw_lock_lookup.TSN_0U_0U
                0x000006a8        0x4 ./synergy/ssp/src/bsp/mcu/s7g2/bsp_hw_locks.o
                0x000006a8                g_lock_lookup_TSN_0U_0U
 .hw_lock_lookup.USB_0U_0U
                0x000006ac        0x4 ./synergy/ssp/src/bsp/mcu/s7g2/bsp_hw_locks.o
                0x000006ac                g_lock_lookup_USB_0U_0U
 .hw_lock_lookup.USB_1U_0U
                0x000006b0        0x4 ./synergy/ssp/src/bsp/mcu/s7g2/bsp_hw_locks.o
                0x000006b0                g_lock_lookup_USB_1U_0U
 .hw_lock_lookup.WDT_0U_0U
                0x000006b4        0x4 ./synergy/ssp/src/bsp/mcu/s7g2/bsp_hw_locks.o
                0x000006b4                g_lock_lookup_WDT_0U_0U
                0x000006b8                __Lock_Lookup_End = .
 *(.text*)
 .text          0x000006b8       0x5c c:/program files (x86)/gnu tools arm embedded/4.9 2015q3/bin/../lib/gcc/arm-none-eabi/4.9.3/armv7e-m/fpu/crtbegin.o
 .text.R_IOPORT_PinRead
                0x00000714       0x48 ./synergy/ssp/src/driver/r_ioport/r_ioport.o
                0x00000714                R_IOPORT_PinRead
 .text.R_IOPORT_PortRead
                0x0000075c       0x28 ./synergy/ssp/src/driver/r_ioport/r_ioport.o
                0x0000075c                R_IOPORT_PortRead
 .text.R_IOPORT_PortEventInputRead
                0x00000784       0x28 ./synergy/ssp/src/driver/r_ioport/r_ioport.o
                0x00000784                R_IOPORT_PortEventInputRead
 .text.R_IOPORT_PinEventInputRead
                0x000007ac       0x58 ./synergy/ssp/src/driver/r_ioport/r_ioport.o
                0x000007ac                R_IOPORT_PinEventInputRead
 .text.R_IOPORT_PortEventOutputWrite
                0x00000804       0x38 ./synergy/ssp/src/driver/r_ioport/r_ioport.o
                0x00000804                R_IOPORT_PortEventOutputWrite
 .text.R_IOPORT_PinEventOutputWrite
                0x0000083c       0x54 ./synergy/ssp/src/driver/r_ioport/r_ioport.o
                0x0000083c                R_IOPORT_PinEventOutputWrite
 .text.R_IOPORT_VersionGet
                0x00000890       0x18 ./synergy/ssp/src/driver/r_ioport/r_ioport.o
                0x00000890                R_IOPORT_VersionGet
 .text.R_IOPORT_PinDirectionSet
                0x000008a8       0xcc ./synergy/ssp/src/driver/r_ioport/r_ioport.o
                0x000008a8                R_IOPORT_PinDirectionSet
 .text.R_IOPORT_PortWrite
                0x00000974       0x38 ./synergy/ssp/src/driver/r_ioport/r_ioport.o
                0x00000974                R_IOPORT_PortWrite
 .text.R_IOPORT_PortDirectionSet
                0x000009ac       0x40 ./synergy/ssp/src/driver/r_ioport/r_ioport.o
                0x000009ac                R_IOPORT_PortDirectionSet
 .text.bsp_vbatt_init.isra.4
                0x000009ec       0x8c ./synergy/ssp/src/driver/r_ioport/r_ioport.o
 .text.R_IOPORT_EthernetModeCfg
                0x00000a78       0x58 ./synergy/ssp/src/driver/r_ioport/r_ioport.o
                0x00000a78                R_IOPORT_EthernetModeCfg
 .text.R_IOPORT_PinsCfg
                0x00000ad0       0xe0 ./synergy/ssp/src/driver/r_ioport/r_ioport.o
                0x00000ad0                R_IOPORT_PinsCfg
 .text.R_IOPORT_Init
                0x00000bb0       0x78 ./synergy/ssp/src/driver/r_ioport/r_ioport.o
                0x00000bb0                R_IOPORT_Init
 .text.R_IOPORT_PinCfg
                0x00000c28       0xd0 ./synergy/ssp/src/driver/r_ioport/r_ioport.o
                0x00000c28                R_IOPORT_PinCfg
 .text.R_IOPORT_PinWrite
                0x00000cf8       0xcc ./synergy/ssp/src/driver/r_ioport/r_ioport.o
                0x00000cf8                R_IOPORT_PinWrite
 .text.R_ICU_ExternalIrqTriggerSet
                0x00000dc4       0x34 ./synergy/ssp/src/driver/r_icu/r_icu.o
                0x00000dc4                R_ICU_ExternalIrqTriggerSet
 .text.R_ICU_ExternalIrqFilterEnable
                0x00000df8       0x28 ./synergy/ssp/src/driver/r_icu/r_icu.o
                0x00000df8                R_ICU_ExternalIrqFilterEnable
 .text.R_ICU_ExternalIrqFilterDisable
                0x00000e20       0x28 ./synergy/ssp/src/driver/r_icu/r_icu.o
                0x00000e20                R_ICU_ExternalIrqFilterDisable
 .text.R_ICU_ExternalIrqVersionGet
                0x00000e48       0x14 ./synergy/ssp/src/driver/r_icu/r_icu.o
                0x00000e48                R_ICU_ExternalIrqVersionGet
 .text.R_ICU_ExternalIrqEnable
                0x00000e5c       0x48 ./synergy/ssp/src/driver/r_icu/r_icu.o
                0x00000e5c                R_ICU_ExternalIrqEnable
 .text.R_ICU_ExternalIrqDisable
                0x00000ea4       0x50 ./synergy/ssp/src/driver/r_icu/r_icu.o
                0x00000ea4                R_ICU_ExternalIrqDisable
 .text.R_ICU_ExternalIrqClose
                0x00000ef4       0x80 ./synergy/ssp/src/driver/r_icu/r_icu.o
                0x00000ef4                R_ICU_ExternalIrqClose
 .text.icu_irq_isr
                0x00000f74       0x40 ./synergy/ssp/src/driver/r_icu/r_icu.o
                0x00000f74                icu_irq_isr
 .text.r_icu_externalIRQ_initialize_interrupt
                0x00000fb4       0xa0 ./synergy/ssp/src/driver/r_icu/r_icu.o
                0x00000fb4                r_icu_externalIRQ_initialize_interrupt
 .text.R_ICU_ExternalIrqOpen
                0x00001054       0xd0 ./synergy/ssp/src/driver/r_icu/r_icu.o
                0x00001054                R_ICU_ExternalIrqOpen
 .text.R_GPT_VersionGet
                0x00001124       0x14 ./synergy/ssp/src/driver/r_gpt/r_gpt.o
                0x00001124                R_GPT_VersionGet
 .text.gpt_period_to_pclk
                0x00001138      0x108 ./synergy/ssp/src/driver/r_gpt/r_gpt.o
 .text.gpt_duty_cycle_to_pclk
                0x00001240       0x60 ./synergy/ssp/src/driver/r_gpt/r_gpt.o
 .text.R_GPT_Stop
                0x000012a0       0x28 ./synergy/ssp/src/driver/r_gpt/r_gpt.o
                0x000012a0                R_GPT_Stop
 .text.R_GPT_Start
                0x000012c8       0x28 ./synergy/ssp/src/driver/r_gpt/r_gpt.o
                0x000012c8                R_GPT_Start
 .text.R_GPT_CounterGet
                0x000012f0       0x28 ./synergy/ssp/src/driver/r_gpt/r_gpt.o
                0x000012f0                R_GPT_CounterGet
 .text.R_GPT_Reset
                0x00001318       0x4c ./synergy/ssp/src/driver/r_gpt/r_gpt.o
                0x00001318                R_GPT_Reset
 .text.R_GPT_PeriodSet
                0x00001364       0x80 ./synergy/ssp/src/driver/r_gpt/r_gpt.o
                0x00001364                R_GPT_PeriodSet
 .text.R_GPT_InfoGet
                0x000013e4       0x88 ./synergy/ssp/src/driver/r_gpt/r_gpt.o
                0x000013e4                R_GPT_InfoGet
 .text.R_GPT_DutyCycleSet
                0x0000146c       0xb8 ./synergy/ssp/src/driver/r_gpt/r_gpt.o
                0x0000146c                R_GPT_DutyCycleSet
 .text.R_GPT_Close
                0x00001524       0xa4 ./synergy/ssp/src/driver/r_gpt/r_gpt.o
                0x00001524                R_GPT_Close
 .text.R_GPT_TimerOpen
                0x000015c8      0x430 ./synergy/ssp/src/driver/r_gpt/r_gpt.o
                0x000015c8                R_GPT_TimerOpen
 .text.R_FMI_ProductInfoGet
                0x000019f8       0x28 ./synergy/ssp/src/driver/r_fmi/r_fmi.o
 .text.R_FMI_UniqueIdGet
                0x00001a20       0x30 ./synergy/ssp/src/driver/r_fmi/r_fmi.o
 .text.R_FMI_EventInfoGet
                0x00001a50       0x6c ./synergy/ssp/src/driver/r_fmi/r_fmi.o
 .text.R_FMI_VersionGet
                0x00001abc       0x14 ./synergy/ssp/src/driver/r_fmi/r_fmi.o
 .text.R_FMI_Init
                0x00001ad0       0xbc ./synergy/ssp/src/driver/r_fmi/r_fmi.o
 .text.R_FMI_FeatureGet
                0x00001b8c      0x244 ./synergy/ssp/src/driver/r_fmi/r_fmi.o
 .text.R_ELC_LinkSet
                0x00001dd0       0x14 ./synergy/ssp/src/driver/r_elc/r_elc.o
                0x00001dd0                R_ELC_LinkSet
 .text.R_ELC_LinkBreak
                0x00001de4       0x14 ./synergy/ssp/src/driver/r_elc/r_elc.o
                0x00001de4                R_ELC_LinkBreak
 .text.R_ELC_Enable
                0x00001df8       0x14 ./synergy/ssp/src/driver/r_elc/r_elc.o
                0x00001df8                R_ELC_Enable
 .text.R_ELC_Disable
                0x00001e0c       0x14 ./synergy/ssp/src/driver/r_elc/r_elc.o
                0x00001e0c                R_ELC_Disable
 .text.R_ELC_VersionGet
                0x00001e20       0x14 ./synergy/ssp/src/driver/r_elc/r_elc.o
                0x00001e20                R_ELC_VersionGet
 .text.R_ELC_SoftwareEventGenerate
                0x00001e34       0x30 ./synergy/ssp/src/driver/r_elc/r_elc.o
                0x00001e34                R_ELC_SoftwareEventGenerate
 .text.R_ELC_Init
                0x00001e64       0x80 ./synergy/ssp/src/driver/r_elc/r_elc.o
                0x00001e64                R_ELC_Init
 .text.HW_CGC_Init
                0x00001ee4       0x34 ./synergy/ssp/src/driver/r_cgc/hw/hw_cgc.o
                0x00001ee4                HW_CGC_Init
 .text.HW_CGC_InitPLLFreq
                0x00001f18       0xf4 ./synergy/ssp/src/driver/r_cgc/hw/hw_cgc.o
                0x00001f18                HW_CGC_InitPLLFreq
 .text.HW_CGC_MainClockDriveSet
                0x0000200c       0x3c ./synergy/ssp/src/driver/r_cgc/hw/hw_cgc.o
                0x0000200c                HW_CGC_MainClockDriveSet
 .text.HW_CGC_SubClockDriveSet
                0x00002048       0x3c ./synergy/ssp/src/driver/r_cgc/hw/hw_cgc.o
                0x00002048                HW_CGC_SubClockDriveSet
 .text.HW_CGC_ClockStart
                0x00002084       0xa0 ./synergy/ssp/src/driver/r_cgc/hw/hw_cgc.o
                0x00002084                HW_CGC_ClockStart
 .text.HW_CGC_ClockStop
                0x00002124       0xa0 ./synergy/ssp/src/driver/r_cgc/hw/hw_cgc.o
                0x00002124                HW_CGC_ClockStop
 .text.HW_CGC_ClockCheck
                0x000021c4       0x2c ./synergy/ssp/src/driver/r_cgc/hw/hw_cgc.o
                0x000021c4                HW_CGC_ClockCheck
 .text.HW_CGC_ClockRunStateGet
                0x000021f0       0x68 ./synergy/ssp/src/driver/r_cgc/hw/hw_cgc.o
                0x000021f0                HW_CGC_ClockRunStateGet
 .text.HW_CGC_DelayCycles
                0x00002258        0x8 ./synergy/ssp/src/driver/r_cgc/hw/hw_cgc.o
                0x00002258                HW_CGC_DelayCycles
 .text.HW_CGC_MainOscSourceSet
                0x00002260       0x2c ./synergy/ssp/src/driver/r_cgc/hw/hw_cgc.o
                0x00002260                HW_CGC_MainOscSourceSet
 .text.HW_CGC_ClockWaitSet
                0x0000228c       0x28 ./synergy/ssp/src/driver/r_cgc/hw/hw_cgc.o
                0x0000228c                HW_CGC_ClockWaitSet
 .text.HW_CGC_ClockSourceValidCheck
                0x000022b4       0x28 ./synergy/ssp/src/driver/r_cgc/hw/hw_cgc.o
                0x000022b4                HW_CGC_ClockSourceValidCheck
 .text.HW_CGC_SystemClockValidCheck
                0x000022dc        0xc ./synergy/ssp/src/driver/r_cgc/hw/hw_cgc.o
                0x000022dc                HW_CGC_SystemClockValidCheck
 .text.HW_CGC_ClockSourceGet
                0x000022e8        0xc ./synergy/ssp/src/driver/r_cgc/hw/hw_cgc.o
                0x000022e8                HW_CGC_ClockSourceGet
 .text.HW_CGC_ClockSourceSet
                0x000022f4       0x28 ./synergy/ssp/src/driver/r_cgc/hw/hw_cgc.o
                0x000022f4                HW_CGC_ClockSourceSet
 .text.HW_CGC_PLLClockSourceGet
                0x0000231c       0x24 ./synergy/ssp/src/driver/r_cgc/hw/hw_cgc.o
                0x0000231c                HW_CGC_PLLClockSourceGet
 .text.HW_CGC_PLLClockSourceSet
                0x00002340       0x28 ./synergy/ssp/src/driver/r_cgc/hw/hw_cgc.o
                0x00002340                HW_CGC_PLLClockSourceSet
 .text.HW_CGC_PLLMultiplierSet
                0x00002368       0x90 ./synergy/ssp/src/driver/r_cgc/hw/hw_cgc.o
                0x00002368                HW_CGC_PLLMultiplierSet
 .text.HW_CGC_PLLDividerSet
                0x000023f8       0x88 ./synergy/ssp/src/driver/r_cgc/hw/hw_cgc.o
                0x000023f8                HW_CGC_PLLDividerSet
 .text.HW_CGC_SystemDividersSet
                0x00002480       0x70 ./synergy/ssp/src/driver/r_cgc/hw/hw_cgc.o
                0x00002480                HW_CGC_SystemDividersSet
 .text.HW_CGC_SystemDividersGet
                0x000024f0       0x3c ./synergy/ssp/src/driver/r_cgc/hw/hw_cgc.o
                0x000024f0                HW_CGC_SystemDividersGet
 .text.HW_CGC_ClockCfgValidCheck
                0x0000252c       0x58 ./synergy/ssp/src/driver/r_cgc/hw/hw_cgc.o
                0x0000252c                HW_CGC_ClockCfgValidCheck
 .text.HW_CGC_ClockDividerGet
                0x00002584       0x4c ./synergy/ssp/src/driver/r_cgc/hw/hw_cgc.o
                0x00002584                HW_CGC_ClockDividerGet
 .text.HW_CGC_ClockHzGet
                0x000025d0       0x20 ./synergy/ssp/src/driver/r_cgc/hw/hw_cgc.o
                0x000025d0                HW_CGC_ClockHzGet
 .text.HW_CGC_ClockHzCalculate
                0x000025f0       0x10 ./synergy/ssp/src/driver/r_cgc/hw/hw_cgc.o
                0x000025f0                HW_CGC_ClockHzCalculate
 .text.HW_CGC_OperatingModeSet
                0x00002600       0xb0 ./synergy/ssp/src/driver/r_cgc/hw/hw_cgc.o
                0x00002600                HW_CGC_OperatingModeSet
 .text.HW_CGC_OperatingModeGet
                0x000026b0       0x14 ./synergy/ssp/src/driver/r_cgc/hw/hw_cgc.o
                0x000026b0                HW_CGC_OperatingModeGet
 .text.HW_CGC_OscStopDetectEnable
                0x000026c4       0x2c ./synergy/ssp/src/driver/r_cgc/hw/hw_cgc.o
                0x000026c4                HW_CGC_OscStopDetectEnable
 .text.HW_CGC_OscStopDetectDisable
                0x000026f0       0x2c ./synergy/ssp/src/driver/r_cgc/hw/hw_cgc.o
                0x000026f0                HW_CGC_OscStopDetectDisable
 .text.HW_CGC_OscStopDetectEnabledGet
                0x0000271c        0x8 ./synergy/ssp/src/driver/r_cgc/hw/hw_cgc.o
                0x0000271c                HW_CGC_OscStopDetectEnabledGet
 .text.HW_CGC_OscStopDetectGet
                0x00002724        0xc ./synergy/ssp/src/driver/r_cgc/hw/hw_cgc.o
                0x00002724                HW_CGC_OscStopDetectGet
 .text.HW_CGC_OscStopStatusClear
                0x00002730       0x30 ./synergy/ssp/src/driver/r_cgc/hw/hw_cgc.o
                0x00002730                HW_CGC_OscStopStatusClear
 .text.HW_CGC_BusClockOutCfg
                0x00002760       0x28 ./synergy/ssp/src/driver/r_cgc/hw/hw_cgc.o
                0x00002760                HW_CGC_BusClockOutCfg
 .text.HW_CGC_BusClockOutEnable
                0x00002788       0x20 ./synergy/ssp/src/driver/r_cgc/hw/hw_cgc.o
                0x00002788                HW_CGC_BusClockOutEnable
 .text.HW_CGC_BusClockOutDisable
                0x000027a8       0x20 ./synergy/ssp/src/driver/r_cgc/hw/hw_cgc.o
                0x000027a8                HW_CGC_BusClockOutDisable
 .text.HW_CGC_ClockOutCfg
                0x000027c8       0x4c ./synergy/ssp/src/driver/r_cgc/hw/hw_cgc.o
                0x000027c8                HW_CGC_ClockOutCfg
 .text.HW_CGC_ClockOutEnable
                0x00002814       0x20 ./synergy/ssp/src/driver/r_cgc/hw/hw_cgc.o
                0x00002814                HW_CGC_ClockOutEnable
 .text.HW_CGC_ClockOutDisable
                0x00002834       0x20 ./synergy/ssp/src/driver/r_cgc/hw/hw_cgc.o
                0x00002834                HW_CGC_ClockOutDisable
 .text.HW_CGC_SDRAMClockOutEnable
                0x00002854       0x20 ./synergy/ssp/src/driver/r_cgc/hw/hw_cgc.o
                0x00002854                HW_CGC_SDRAMClockOutEnable
 .text.HW_CGC_SDRAMClockOutDisable
                0x00002874       0x20 ./synergy/ssp/src/driver/r_cgc/hw/hw_cgc.o
                0x00002874                HW_CGC_SDRAMClockOutDisable
 .text.HW_CGC_USBClockCfg
                0x00002894       0x2c ./synergy/ssp/src/driver/r_cgc/hw/hw_cgc.o
                0x00002894                HW_CGC_USBClockCfg
 .text.HW_CGC_SystickUpdate
                0x000028c0       0x48 ./synergy/ssp/src/driver/r_cgc/hw/hw_cgc.o
                0x000028c0                HW_CGC_SystickUpdate
 .text.HW_CGC_LCDClockCfg
                0x00002908       0x14 ./synergy/ssp/src/driver/r_cgc/hw/hw_cgc.o
                0x00002908                HW_CGC_LCDClockCfg
 .text.HW_CGC_LCDClockCfgGet
                0x0000291c        0xc ./synergy/ssp/src/driver/r_cgc/hw/hw_cgc.o
                0x0000291c                HW_CGC_LCDClockCfgGet
 .text.HW_CGC_LCDClockEnable
                0x00002928       0x10 ./synergy/ssp/src/driver/r_cgc/hw/hw_cgc.o
                0x00002928                HW_CGC_LCDClockEnable
 .text.HW_CGC_LCDClockDisable
                0x00002938       0x10 ./synergy/ssp/src/driver/r_cgc/hw/hw_cgc.o
                0x00002938                HW_CGC_LCDClockDisable
 .text.HW_CGC_LCDClockIsEnabled
                0x00002948        0x8 ./synergy/ssp/src/driver/r_cgc/hw/hw_cgc.o
                0x00002948                HW_CGC_LCDClockIsEnabled
 .text.HW_CGC_SDADCClockCfg
                0x00002950       0x1c ./synergy/ssp/src/driver/r_cgc/hw/hw_cgc.o
                0x00002950                HW_CGC_SDADCClockCfg
 .text.HW_CGC_SDADCClockEnable
                0x0000296c       0x10 ./synergy/ssp/src/driver/r_cgc/hw/hw_cgc.o
                0x0000296c                HW_CGC_SDADCClockEnable
 .text.HW_CGC_SDADCClockDisable
                0x0000297c       0x10 ./synergy/ssp/src/driver/r_cgc/hw/hw_cgc.o
                0x0000297c                HW_CGC_SDADCClockDisable
 .text.HW_CGC_SDADCClockIsEnabled
                0x0000298c        0x8 ./synergy/ssp/src/driver/r_cgc/hw/hw_cgc.o
                0x0000298c                HW_CGC_SDADCClockIsEnabled
 .text.HW_CGC_HocoWaitControlSet
                0x00002994       0x28 ./synergy/ssp/src/driver/r_cgc/hw/hw_cgc.o
                0x00002994                HW_CGC_HocoWaitControlSet
 .text.R_CGC_VersionGet
                0x000029bc       0x14 ./synergy/ssp/src/driver/r_cgc/r_cgc.o
                0x000029bc                R_CGC_VersionGet
 .text.R_CGC_Init
                0x000029d0       0xb4 ./synergy/ssp/src/driver/r_cgc/r_cgc.o
                0x000029d0                R_CGC_Init
 .text.R_CGC_SystemClockGet
                0x00002a84       0x28 ./synergy/ssp/src/driver/r_cgc/r_cgc.o
                0x00002a84                R_CGC_SystemClockGet
 .text.R_CGC_OscStopDetect
                0x00002aac       0xe4 ./synergy/ssp/src/driver/r_cgc/r_cgc.o
                0x00002aac                R_CGC_OscStopDetect
 .text.R_CGC_OscStopStatusClear
                0x00002b90       0x50 ./synergy/ssp/src/driver/r_cgc/r_cgc.o
                0x00002b90                R_CGC_OscStopStatusClear
 .text.R_CGC_BusClockOutCfg
                0x00002be0       0x14 ./synergy/ssp/src/driver/r_cgc/r_cgc.o
                0x00002be0                R_CGC_BusClockOutCfg
 .text.R_CGC_BusClockOutEnable
                0x00002bf4       0x14 ./synergy/ssp/src/driver/r_cgc/r_cgc.o
                0x00002bf4                R_CGC_BusClockOutEnable
 .text.R_CGC_BusClockOutDisable
                0x00002c08       0x14 ./synergy/ssp/src/driver/r_cgc/r_cgc.o
                0x00002c08                R_CGC_BusClockOutDisable
 .text.R_CGC_ClockOutCfg
                0x00002c1c       0x18 ./synergy/ssp/src/driver/r_cgc/r_cgc.o
                0x00002c1c                R_CGC_ClockOutCfg
 .text.R_CGC_ClockOutEnable
                0x00002c34       0x14 ./synergy/ssp/src/driver/r_cgc/r_cgc.o
                0x00002c34                R_CGC_ClockOutEnable
 .text.R_CGC_ClockOutDisable
                0x00002c48       0x14 ./synergy/ssp/src/driver/r_cgc/r_cgc.o
                0x00002c48                R_CGC_ClockOutDisable
 .text.R_CGC_ClockCheck
                0x00002c5c       0x70 ./synergy/ssp/src/driver/r_cgc/r_cgc.o
                0x00002c5c                R_CGC_ClockCheck
 .text.r_cgc_stabilization_wait
                0x00002ccc       0x30 ./synergy/ssp/src/driver/r_cgc/r_cgc.o
 .text.R_CGC_ClockStart
                0x00002cfc      0x1a4 ./synergy/ssp/src/driver/r_cgc/r_cgc.o
                0x00002cfc                R_CGC_ClockStart
 .text.R_CGC_ClockStop
                0x00002ea0       0xc8 ./synergy/ssp/src/driver/r_cgc/r_cgc.o
                0x00002ea0                R_CGC_ClockStop
 .text.r_cgc_clock_start_stop
                0x00002f68       0x30 ./synergy/ssp/src/driver/r_cgc/r_cgc.o
 .text.R_CGC_SystemClockSet
                0x00002f98      0x1c4 ./synergy/ssp/src/driver/r_cgc/r_cgc.o
                0x00002f98                R_CGC_SystemClockSet
 .text.R_CGC_ClocksCfg
                0x0000315c      0x16c ./synergy/ssp/src/driver/r_cgc/r_cgc.o
                0x0000315c                R_CGC_ClocksCfg
 .text.R_CGC_SystemClockFreqGet
                0x000032c8       0x34 ./synergy/ssp/src/driver/r_cgc/r_cgc.o
                0x000032c8                R_CGC_SystemClockFreqGet
 .text.R_CGC_LCDClockEnable
                0x000032fc       0x50 ./synergy/ssp/src/driver/r_cgc/r_cgc.o
                0x000032fc                R_CGC_LCDClockEnable
 .text.R_CGC_LCDClockDisable
                0x0000334c       0x50 ./synergy/ssp/src/driver/r_cgc/r_cgc.o
                0x0000334c                R_CGC_LCDClockDisable
 .text.R_CGC_LCDClockCfg
                0x0000339c       0x80 ./synergy/ssp/src/driver/r_cgc/r_cgc.o
                0x0000339c                R_CGC_LCDClockCfg
 .text.R_CGC_SDADCClockEnable.part.9
                0x0000341c       0x1c ./synergy/ssp/src/driver/r_cgc/r_cgc.o
 .text.R_CGC_SDADCClockEnable
                0x00003438       0x1c ./synergy/ssp/src/driver/r_cgc/r_cgc.o
                0x00003438                R_CGC_SDADCClockEnable
 .text.R_CGC_SDADCClockDisable.part.10
                0x00003454       0x1c ./synergy/ssp/src/driver/r_cgc/r_cgc.o
 .text.R_CGC_SDADCClockDisable
                0x00003470       0x1c ./synergy/ssp/src/driver/r_cgc/r_cgc.o
                0x00003470                R_CGC_SDADCClockDisable
 .text.R_CGC_SDADCClockCfg
                0x0000348c       0x60 ./synergy/ssp/src/driver/r_cgc/r_cgc.o
                0x0000348c                R_CGC_SDADCClockCfg
 .text.R_CGC_SDRAMClockOutEnable
                0x000034ec       0x1c ./synergy/ssp/src/driver/r_cgc/r_cgc.o
                0x000034ec                R_CGC_SDRAMClockOutEnable
 .text.R_CGC_SDRAMClockOutDisable
                0x00003508       0x1c ./synergy/ssp/src/driver/r_cgc/r_cgc.o
                0x00003508                R_CGC_SDRAMClockOutDisable
 .text.R_CGC_USBClockCfg
                0x00003524       0x20 ./synergy/ssp/src/driver/r_cgc/r_cgc.o
                0x00003524                R_CGC_USBClockCfg
 .text.R_CGC_SystickUpdate
                0x00003544       0x50 ./synergy/ssp/src/driver/r_cgc/r_cgc.o
                0x00003544                R_CGC_SystickUpdate
 .text.R_BSP_CacheOff
                0x00003594       0x28 ./synergy/ssp/src/bsp/mcu/s7g2/bsp_cache.o
                0x00003594                R_BSP_CacheOff
 .text.R_BSP_CacheSet
                0x000035bc       0x48 ./synergy/ssp/src/bsp/mcu/s7g2/bsp_cache.o
                0x000035bc                R_BSP_CacheSet
 .text.bsp_clock_init
                0x00003604       0x90 ./synergy/ssp/src/bsp/mcu/s7g2/bsp_clocks.o
                0x00003604                bsp_clock_init
 .text.bsp_cpu_clock_get
                0x00003694       0x20 ./synergy/ssp/src/bsp/mcu/s7g2/bsp_clocks.o
                0x00003694                bsp_cpu_clock_get
 .text.bsp_clock_set_callback
                0x000036b4      0x124 ./synergy/ssp/src/bsp/mcu/s7g2/bsp_clocks.o
                0x000036b4                bsp_clock_set_callback
 .text.R_BSP_FeatureIoportGet
                0x000037d8        0xc ./synergy/ssp/src/bsp/mcu/s7g2/bsp_feature.o
                0x000037d8                R_BSP_FeatureIoportGet
 .text.R_BSP_FeatureCgcGet
                0x000037e4        0xc ./synergy/ssp/src/bsp/mcu/s7g2/bsp_feature.o
                0x000037e4                R_BSP_FeatureCgcGet
 .text.bsp_group_interrupt_open
                0x000037f0       0x18 ./synergy/ssp/src/bsp/mcu/s7g2/bsp_group_irq.o
                0x000037f0                bsp_group_interrupt_open
 .text.R_BSP_GroupIrqWrite
                0x00003808       0x10 ./synergy/ssp/src/bsp/mcu/s7g2/bsp_group_irq.o
                0x00003808                R_BSP_GroupIrqWrite
 .text.NMI_Handler
                0x00003818      0x1f4 ./synergy/ssp/src/bsp/mcu/s7g2/bsp_group_irq.o
                0x00003818                NMI_Handler
 .text.r_bsp_module_start_stop
                0x00003a0c       0xb4 ./synergy/ssp/src/bsp/mcu/s7g2/bsp_module_stop.o
 .text.R_BSP_ModuleStart
                0x00003ac0        0x8 ./synergy/ssp/src/bsp/mcu/s7g2/bsp_module_stop.o
                0x00003ac0                R_BSP_ModuleStart
 .text.R_BSP_LedsGet
                0x00003ac8       0x20 ./synergy/ssp/src/bsp/mcu/all/bsp_common_leds.o
                0x00003ac8                R_BSP_LedsGet
 .text.software_delay_loop
                0x00003ae8        0xc ./synergy/ssp/src/bsp/mcu/all/bsp_delay.o
 .text.R_BSP_SoftwareDelay
                0x00003af4       0x58 ./synergy/ssp/src/bsp/mcu/all/bsp_delay.o
                0x00003af4                R_BSP_SoftwareDelay
 .text.R_BSP_IrqStatusClear
                0x00003b4c       0x18 ./synergy/ssp/src/bsp/mcu/all/bsp_irq.o
                0x00003b4c                R_BSP_IrqStatusClear
 .text.bsp_irq_cfg
                0x00003b64       0x40 ./synergy/ssp/src/bsp/mcu/all/bsp_irq.o
                0x00003b64                bsp_irq_cfg
 .text.R_BSP_HardwareLock
                0x00003ba4       0x68 ./synergy/ssp/src/bsp/mcu/all/bsp_locking.o
                0x00003ba4                R_BSP_HardwareLock
 .text.R_BSP_HardwareUnlock
                0x00003c0c       0x4c ./synergy/ssp/src/bsp/mcu/all/bsp_locking.o
                0x00003c0c                R_BSP_HardwareUnlock
 .text.bsp_init_hardware_locks
                0x00003c58       0x44 ./synergy/ssp/src/bsp/mcu/all/bsp_locking.o
                0x00003c58                bsp_init_hardware_locks
 .text.R_BSP_RegisterProtectEnable
                0x00003c9c       0x60 ./synergy/ssp/src/bsp/mcu/all/bsp_register_protection.o
                0x00003c9c                R_BSP_RegisterProtectEnable
 .text.R_BSP_RegisterProtectDisable
                0x00003cfc       0x50 ./synergy/ssp/src/bsp/mcu/all/bsp_register_protection.o
                0x00003cfc                R_BSP_RegisterProtectDisable
 .text.bsp_register_protect_open
                0x00003d4c       0x10 ./synergy/ssp/src/bsp/mcu/all/bsp_register_protection.o
                0x00003d4c                bsp_register_protect_open
 .text.Default_Handler
                0x00003d5c        0x4 ./synergy/ssp/src/bsp/cmsis/Device/RENESAS/S7G2/Source/startup_S7G2.o
                0x00003d5c                DebugMon_Handler
                0x00003d5c                HardFault_Handler
                0x00003d5c                SysTick_Handler
                0x00003d5c                PendSV_Handler
                0x00003d5c                UsageFault_Handler
                0x00003d5c                Default_Handler
                0x00003d5c                MemManage_Handler
                0x00003d5c                SVC_Handler
                0x00003d5c                BusFault_Handler
 .text.Reset_Handler
                0x00003d60        0xc ./synergy/ssp/src/bsp/cmsis/Device/RENESAS/S7G2/Source/startup_S7G2.o
                0x00003d60                Reset_Handler
 .text.R_BSP_WarmStart
                0x00003d6c        0x4 ./synergy/ssp/src/bsp/cmsis/Device/RENESAS/S7G2/Source/system_S7G2.o
                0x00003d6c                R_BSP_WarmStart
 .text.SystemInit
                0x00003d70       0xe0 ./synergy/ssp/src/bsp/cmsis/Device/RENESAS/S7G2/Source/system_S7G2.o
                0x00003d70                SystemInit
 .text.bsp_init
                0x00003e50        0x4 ./synergy/board/s7g2_sk/bsp_init.o
                0x00003e50                bsp_init
 .text.bsp_qspi_xip_mode
                0x00003e54       0x88 ./synergy/board/s7g2_sk/bsp_qspi.o
 .text.bsp_qspi_init
                0x00003edc      0x148 ./synergy/board/s7g2_sk/bsp_qspi.o
                0x00003edc                bsp_qspi_init
 .text.startup.main
                0x00004024        0xc ./src/synergy_gen/main.o
                0x00004024                main
 .text.hal_entry
                0x00004030       0x88 ./src/hal_entry.o
                0x00004030                hal_entry
 .text.button_callback_SW5
                0x000040b8       0x40 ./src/hal_entry.o
                0x000040b8                button_callback_SW5
 .text          0x000040f8      0x370 c:/program files (x86)/gnu tools arm embedded/4.9 2015q3/bin/../lib/gcc/arm-none-eabi/4.9.3/armv7e-m/fpu\libgcc.a(_arm_addsubdf3.o)
                0x000040f8                __aeabi_drsub
                0x00004100                __aeabi_dsub
                0x00004100                __subdf3
                0x00004104                __aeabi_dadd
                0x00004104                __adddf3
                0x0000437c                __floatunsidf
                0x0000437c                __aeabi_ui2d
                0x0000439c                __floatsidf
                0x0000439c                __aeabi_i2d
                0x000043c0                __aeabi_f2d
                0x000043c0                __extendsfdf2
                0x000043fc                __floatundidf
                0x000043fc                __aeabi_ul2d
                0x0000440c                __floatdidf
                0x0000440c                __aeabi_l2d
 .text          0x00004468      0x110 c:/program files (x86)/gnu tools arm embedded/4.9 2015q3/bin/../lib/gcc/arm-none-eabi/4.9.3/armv7e-m/fpu\libgcc.a(_arm_cmpdf2.o)
                0x00004468                __gtdf2
                0x00004468                __gedf2
                0x00004470                __ltdf2
                0x00004470                __ledf2
                0x00004478                __nedf2
                0x00004478                __eqdf2
                0x00004478                __cmpdf2
                0x000044f4                __aeabi_cdrcmple
                0x00004504                __aeabi_cdcmpeq
                0x00004504                __aeabi_cdcmple
                0x00004514                __aeabi_dcmpeq
                0x00004528                __aeabi_dcmplt
                0x0000453c                __aeabi_dcmple
                0x00004550                __aeabi_dcmpge
                0x00004564                __aeabi_dcmpgt
 .text          0x00004578       0x30 c:/program files (x86)/gnu tools arm embedded/4.9 2015q3/bin/../lib/gcc/arm-none-eabi/4.9.3/armv7e-m/fpu\libgcc.a(_aeabi_uldivmod.o)
                0x00004578                __aeabi_uldivmod
 .text          0x000045a8       0x60 c:/program files (x86)/gnu tools arm embedded/4.9 2015q3/bin/../lib/gcc/arm-none-eabi/4.9.3/armv7e-m/fpu\libgcc.a(bpabi.o)
                0x000045a8                __gnu_ldivmod_helper
                0x000045d8                __gnu_uldivmod_helper
 .text          0x00004608        0x4 c:/program files (x86)/gnu tools arm embedded/4.9 2015q3/bin/../lib/gcc/arm-none-eabi/4.9.3/armv7e-m/fpu\libgcc.a(_dvmd_tls.o)
                0x00004608                __aeabi_idiv0
                0x00004608                __aeabi_ldiv0
 .text          0x0000460c      0x29c c:/program files (x86)/gnu tools arm embedded/4.9 2015q3/bin/../lib/gcc/arm-none-eabi/4.9.3/armv7e-m/fpu\libgcc.a(_divdi3.o)
                0x0000460c                __divdi3
 .text          0x000048a8      0x26c c:/program files (x86)/gnu tools arm embedded/4.9 2015q3/bin/../lib/gcc/arm-none-eabi/4.9.3/armv7e-m/fpu\libgcc.a(_udivdi3.o)
                0x000048a8                __udivdi3
 *(.version)
 .version       0x00004b14       0x60 ./synergy/ssp/src/bsp/mcu/all/bsp_common.o
 *(.init)
 .init          0x00004b74        0x4 c:/program files (x86)/gnu tools arm embedded/4.9 2015q3/bin/../lib/gcc/arm-none-eabi/4.9.3/armv7e-m/fpu/crti.o
                0x00004b74                _init
 .init          0x00004b78        0x8 c:/program files (x86)/gnu tools arm embedded/4.9 2015q3/bin/../lib/gcc/arm-none-eabi/4.9.3/armv7e-m/fpu/crtn.o
 *(.fini)
 .fini          0x00004b80        0x4 c:/program files (x86)/gnu tools arm embedded/4.9 2015q3/bin/../lib/gcc/arm-none-eabi/4.9.3/armv7e-m/fpu/crti.o
                0x00004b80                _fini
 .fini          0x00004b84        0x8 c:/program files (x86)/gnu tools arm embedded/4.9 2015q3/bin/../lib/gcc/arm-none-eabi/4.9.3/armv7e-m/fpu/crtn.o
 *crtbegin.o(.ctors)
 *crtbegin?.o(.ctors)
 *(EXCLUDE_FILE(*crtend.o *crtend?.o) .ctors)
 *(SORT(.ctors.*))
 *(.ctors)
 *crtbegin.o(.dtors)
 *crtbegin?.o(.dtors)
 *(EXCLUDE_FILE(*crtend.o *crtend?.o) .dtors)
 *(SORT(.dtors.*))
 *(.dtors)
 *(.rodata*)
 .rodata.g_ioport_on_ioport
                0x00004b8c       0x3c ./synergy/ssp/src/driver/r_ioport/r_ioport.o
                0x00004b8c                g_ioport_on_ioport
 .rodata.g_vbatt_pins_input
                0x00004bc8        0x6 ./synergy/ssp/src/driver/r_ioport/r_ioport.o
 *fill*         0x00004bce        0x2 ff
 .rodata.g_external_irq_on_icu
                0x00004bd0       0x20 ./synergy/ssp/src/driver/r_icu/r_icu.o
                0x00004bd0                g_external_irq_on_icu
 .rodata.g_icu_version
                0x00004bf0        0x4 ./synergy/ssp/src/driver/r_icu/r_icu.o
 .rodata.g_timer_on_gpt
                0x00004bf4       0x28 ./synergy/ssp/src/driver/r_gpt/r_gpt.o
                0x00004bf4                g_timer_on_gpt
 .rodata.g_gpt_version
                0x00004c1c        0x4 ./synergy/ssp/src/driver/r_gpt/r_gpt.o
 .rodata.bit_count_mask
                0x00004c20        0x8 ./synergy/ssp/src/driver/r_fmi/r_fmi.o
 .rodata.bit_count
                0x00004c28       0x80 ./synergy/ssp/src/driver/r_fmi/r_fmi.o
 .rodata.g_fmi_on_fmi
                0x00004ca8       0x18 ./synergy/ssp/src/driver/r_fmi/r_fmi.o
                0x00004ca8                g_fmi_on_fmi
 .rodata.g_fmi_version
                0x00004cc0        0x4 ./synergy/ssp/src/driver/r_fmi/r_fmi.o
 .rodata.g_elc_on_elc
                0x00004cc4       0x1c ./synergy/ssp/src/driver/r_elc/r_elc.o
                0x00004cc4                g_elc_on_elc
 .rodata.s_elc_version
                0x00004ce0        0x4 ./synergy/ssp/src/driver/r_elc/r_elc.o
 .rodata.g_pllccr2_div_value
                0x00004ce4        0x6 ./synergy/ssp/src/driver/r_cgc/hw/hw_cgc.o
 *fill*         0x00004cea        0x2 ff
 .rodata.g_pllccr_div_value
                0x00004cec        0x6 ./synergy/ssp/src/driver/r_cgc/hw/hw_cgc.o
 *fill*         0x00004cf2        0x2 ff
 .rodata.g_pllccr_div_setting
                0x00004cf4        0x6 ./synergy/ssp/src/driver/r_cgc/hw/hw_cgc.o
 *fill*         0x00004cfa        0x2 ff
 .rodata.g_pllccr2_div_setting
                0x00004cfc        0x8 ./synergy/ssp/src/driver/r_cgc/hw/hw_cgc.o
 .rodata.g_cgc_on_cgc
                0x00004d04       0x6c ./synergy/ssp/src/driver/r_cgc/r_cgc.o
                0x00004d04                g_cgc_on_cgc
 .rodata.g_lcd_clock_settings
                0x00004d70        0x6 ./synergy/ssp/src/driver/r_cgc/r_cgc.o
 *fill*         0x00004d76        0x2 ff
 .rodata.g_cgc_version
                0x00004d78        0x4 ./synergy/ssp/src/driver/r_cgc/r_cgc.o
 .rodata.g_cgc_feature
                0x00004d7c       0x2c ./synergy/ssp/src/bsp/mcu/s7g2/bsp_feature.o
 .rodata.g_fmi_data
                0x00004da8      0x400 ./synergy/ssp/src/bsp/mcu/s7g2/bsp_fmi_R7FS7G27H3A01CFC.o
                0x00004da8                g_fmi_data
 .rodata.gp_mstp
                0x000051a8       0x10 ./synergy/ssp/src/bsp/mcu/s7g2/bsp_module_stop.o
 .rodata.g_bsp_module_stop
                0x000051b8       0x46 ./synergy/ssp/src/bsp/mcu/s7g2/bsp_module_stop.o
 *fill*         0x000051fe        0x2 ff
 .rodata.gp_vector_information
                0x00005200        0x4 ./synergy/ssp/src/bsp/mcu/all/bsp_irq.o
                0x00005200                gp_vector_information
 .rodata.g_prcr_masks
                0x00005204        0x6 ./synergy/ssp/src/bsp/mcu/all/bsp_register_protection.o
 *fill*         0x0000520a        0x2 ff
 .rodata.g_elc_cfg
                0x0000520c        0xc ./synergy/ssp/src/bsp/cmsis/Device/RENESAS/S7G2/Source/system_S7G2.o
 .rodata.g_bsp_leds
                0x00005218        0x8 ./synergy/board/s7g2_sk/bsp_leds.o
                0x00005218                g_bsp_leds
 .rodata.g_bsp_prv_leds
                0x00005220        0x6 ./synergy/board/s7g2_sk/bsp_leds.o
 *fill*         0x00005226        0x2 ff
 .rodata.g_ioport
                0x00005228        0x8 ./src/synergy_gen/common_data.o
                0x00005228                g_ioport
 .rodata.g_timer0_extend
                0x00005230        0x4 ./src/synergy_gen/hal_data.o
 .rodata.g_external_irq0
                0x00005234        0xc ./src/synergy_gen/hal_data.o
                0x00005234                g_external_irq0
 .rodata.g_external_irq0_cfg
                0x00005240       0x14 ./src/synergy_gen/hal_data.o
 .rodata.g_timer0_cfg
                0x00005254       0x20 ./src/synergy_gen/hal_data.o
 .rodata.g_timer0
                0x00005274        0xc ./src/synergy_gen/hal_data.o
                0x00005274                g_timer0
 .rodata.g_bsp_pin_cfg
                0x00005280        0x8 ./src/synergy_gen/pin_data.o
                0x00005280                g_bsp_pin_cfg
 .rodata.g_bsp_pin_cfg_data
                0x00005288      0x380 ./src/synergy_gen/pin_data.o
                0x00005288                g_bsp_pin_cfg_data
                0x00005608                __usb_dev_descriptor_start_fs = .
 *(.usb_device_desc_fs*)
                0x00005608                __usb_cfg_descriptor_start_fs = .
 *(.usb_config_desc_fs*)
                0x00005608                __usb_interface_descriptor_start_fs = .
 *(.usb_interface_desc_fs*)
                0x00005608                __usb_descriptor_end_fs = .
                0x00005608                __usb_dev_descriptor_start_hs = .
 *(.usb_device_desc_hs*)
                0x00005608                __usb_cfg_descriptor_start_hs = .
 *(.usb_config_desc_hs*)
                0x00005608                __usb_interface_descriptor_start_hs = .
 *(.usb_interface_desc_hs*)
                0x00005608                __usb_descriptor_end_hs = .
 *(.eh_frame*)
 .eh_frame      0x00005608        0x0 c:/program files (x86)/gnu tools arm embedded/4.9 2015q3/bin/../lib/gcc/arm-none-eabi/4.9.3/armv7e-m/fpu/crtbegin.o
 .eh_frame      0x00005608        0x4 c:/program files (x86)/gnu tools arm embedded/4.9 2015q3/bin/../lib/gcc/arm-none-eabi/4.9.3/armv7e-m/fpu/crtend.o
                0x0000560c                __ROM_End = .
                0x00000044                __Vectors_Size = (__Vectors_End - __Vectors)
                0x00000008                __Vector_Info_Size = (__Vector_Info_End - __Vector_Info_Start)
                0x000001b0                __Lock_Lookup_Size = (__Lock_Lookup_End - __Lock_Lookup_Start)

.glue_7         0x0000560c        0x0
 .glue_7        0x00000000        0x0 linker stubs

.glue_7t        0x0000560c        0x0
 .glue_7t       0x00000000        0x0 linker stubs

.vfp11_veneer   0x0000560c        0x0
 .vfp11_veneer  0x00000000        0x0 linker stubs

.v4_bx          0x0000560c        0x0
 .v4_bx         0x00000000        0x0 linker stubs

.iplt           0x0000560c        0x0
 .iplt          0x00000000        0x0 c:/program files (x86)/gnu tools arm embedded/4.9 2015q3/bin/../lib/gcc/arm-none-eabi/4.9.3/armv7e-m/fpu/crtbegin.o

.ARM.extab
 *(.ARM.extab* .gnu.linkonce.armextab.*)
                0x0000560c                __exidx_start = .

.ARM.exidx      0x0000560c        0x8
 *(.ARM.exidx* .gnu.linkonce.armexidx.*)
 .ARM.exidx     0x0000560c        0x8 c:/program files (x86)/gnu tools arm embedded/4.9 2015q3/bin/../lib/gcc/arm-none-eabi/4.9.3/armv7e-m/fpu\libgcc.a(_divdi3.o)
 .ARM.exidx     0x00005614        0x0 c:/program files (x86)/gnu tools arm embedded/4.9 2015q3/bin/../lib/gcc/arm-none-eabi/4.9.3/armv7e-m/fpu\libgcc.a(_udivdi3.o)
                                  0x8 (size before relaxing)
                0x00005614                __exidx_end = .
                0x00005614                __etext = .

.ssp_dtc_vector_table
                0x1ffe0000        0x0
                0x1ffe0000                . = ORIGIN (RAM)
 *(.ssp_dtc_vector_table)

.data           0x1ffe0000       0x7c load address 0x00005614
                0x1ffe0000                __data_start__ = .
 *(vtable)
 *(.data.*)
 .data.led_0_level
                0x1ffe0000        0x1 ./src/hal_entry.o
                0x1ffe0000                led_0_level
                0x1ffe0004                . = ALIGN (0x4)
 *fill*         0x1ffe0001        0x3 
                0x1ffe0004                PROVIDE (__preinit_array_start, .)
 *(.preinit_array)
                0x1ffe0004                PROVIDE (__preinit_array_end, .)
                0x1ffe0004                . = ALIGN (0x4)
                0x1ffe0004                PROVIDE (__init_array_start, .)
 *(SORT(.init_array.*))
 *(.init_array)
 .init_array    0x1ffe0004        0x4 c:/program files (x86)/gnu tools arm embedded/4.9 2015q3/bin/../lib/gcc/arm-none-eabi/4.9.3/armv7e-m/fpu/crtbegin.o
                0x1ffe0008                PROVIDE (__init_array_end, .)
                0x1ffe0008                . = ALIGN (0x4)
                0x1ffe0008                PROVIDE (__fini_array_start, .)
 *(SORT(.fini_array.*))
 *(.fini_array)
 .fini_array    0x1ffe0008        0x4 c:/program files (x86)/gnu tools arm embedded/4.9 2015q3/bin/../lib/gcc/arm-none-eabi/4.9.3/armv7e-m/fpu/crtbegin.o
                0x1ffe000c                PROVIDE (__fini_array_end, .)
 *(.jcr*)
 .jcr           0x1ffe000c        0x0 c:/program files (x86)/gnu tools arm embedded/4.9 2015q3/bin/../lib/gcc/arm-none-eabi/4.9.3/armv7e-m/fpu/crtbegin.o
 .jcr           0x1ffe000c        0x4 c:/program files (x86)/gnu tools arm embedded/4.9 2015q3/bin/../lib/gcc/arm-none-eabi/4.9.3/armv7e-m/fpu/crtend.o
                0x1ffe0010                . = ALIGN (0x4)
                0x1ffe0010                __Code_In_RAM_Start = .
 *(.code_in_ram*)
                0x1ffe0010                __Code_In_RAM_End = .
                0x1ffe0010                __Lock_Start = .
 *(SORT(.hw_lock*))
 .hw_lock.ADC_0U_0U
                0x1ffe0010        0x1 ./synergy/ssp/src/bsp/mcu/s7g2/bsp_hw_locks.o
                0x1ffe0010                g_hw_lock_ADC_0U_0U
 .hw_lock.ADC_0U_1U
                0x1ffe0011        0x1 ./synergy/ssp/src/bsp/mcu/s7g2/bsp_hw_locks.o
                0x1ffe0011                g_hw_lock_ADC_0U_1U
 .hw_lock.AGT_0U_0U
                0x1ffe0012        0x1 ./synergy/ssp/src/bsp/mcu/s7g2/bsp_hw_locks.o
                0x1ffe0012                g_hw_lock_AGT_0U_0U
 .hw_lock.AGT_0U_1U
                0x1ffe0013        0x1 ./synergy/ssp/src/bsp/mcu/s7g2/bsp_hw_locks.o
                0x1ffe0013                g_hw_lock_AGT_0U_1U
 .hw_lock.BSC_0U_1U
                0x1ffe0014        0x1 ./synergy/ssp/src/bsp/mcu/s7g2/bsp_hw_locks.o
                0x1ffe0014                g_hw_lock_BSC_0U_1U
 .hw_lock.CAC_0U_0U
                0x1ffe0015        0x1 ./synergy/ssp/src/bsp/mcu/s7g2/bsp_hw_locks.o
                0x1ffe0015                g_hw_lock_CAC_0U_0U
 .hw_lock.CAN_0U_0U
                0x1ffe0016        0x1 ./synergy/ssp/src/bsp/mcu/s7g2/bsp_hw_locks.o
                0x1ffe0016                g_hw_lock_CAN_0U_0U
 .hw_lock.CAN_0U_1U
                0x1ffe0017        0x1 ./synergy/ssp/src/bsp/mcu/s7g2/bsp_hw_locks.o
                0x1ffe0017                g_hw_lock_CAN_0U_1U
 .hw_lock.COMP_HS_0U_0U
                0x1ffe0018        0x1 ./synergy/ssp/src/bsp/mcu/s7g2/bsp_hw_locks.o
                0x1ffe0018                g_hw_lock_COMP_HS_0U_0U
 .hw_lock.COMP_HS_0U_1U
                0x1ffe0019        0x1 ./synergy/ssp/src/bsp/mcu/s7g2/bsp_hw_locks.o
                0x1ffe0019                g_hw_lock_COMP_HS_0U_1U
 .hw_lock.COMP_HS_0U_2U
                0x1ffe001a        0x1 ./synergy/ssp/src/bsp/mcu/s7g2/bsp_hw_locks.o
                0x1ffe001a                g_hw_lock_COMP_HS_0U_2U
 .hw_lock.COMP_HS_0U_3U
                0x1ffe001b        0x1 ./synergy/ssp/src/bsp/mcu/s7g2/bsp_hw_locks.o
                0x1ffe001b                g_hw_lock_COMP_HS_0U_3U
 .hw_lock.COMP_HS_0U_4U
                0x1ffe001c        0x1 ./synergy/ssp/src/bsp/mcu/s7g2/bsp_hw_locks.o
                0x1ffe001c                g_hw_lock_COMP_HS_0U_4U
 .hw_lock.COMP_HS_0U_5U
                0x1ffe001d        0x1 ./synergy/ssp/src/bsp/mcu/s7g2/bsp_hw_locks.o
                0x1ffe001d                g_hw_lock_COMP_HS_0U_5U
 .hw_lock.CRC_0U_0U
                0x1ffe001e        0x1 ./synergy/ssp/src/bsp/mcu/s7g2/bsp_hw_locks.o
                0x1ffe001e                g_hw_lock_CRC_0U_0U
 .hw_lock.CTSU_0U_0U
                0x1ffe001f        0x1 ./synergy/ssp/src/bsp/mcu/s7g2/bsp_hw_locks.o
                0x1ffe001f                g_hw_lock_CTSU_0U_0U
 .hw_lock.DAAD_0U_0U
                0x1ffe0020        0x1 ./synergy/ssp/src/bsp/mcu/s7g2/bsp_hw_locks.o
                0x1ffe0020                g_hw_lock_DAAD_0U_0U
 .hw_lock.DAC_0U_0U
                0x1ffe0021        0x1 ./synergy/ssp/src/bsp/mcu/s7g2/bsp_hw_locks.o
                0x1ffe0021                g_hw_lock_DAC_0U_0U
 .hw_lock.DAC_0U_1U
                0x1ffe0022        0x1 ./synergy/ssp/src/bsp/mcu/s7g2/bsp_hw_locks.o
                0x1ffe0022                g_hw_lock_DAC_0U_1U
 .hw_lock.DMAC_0U_0U
                0x1ffe0023        0x1 ./synergy/ssp/src/bsp/mcu/s7g2/bsp_hw_locks.o
                0x1ffe0023                g_hw_lock_DMAC_0U_0U
 .hw_lock.DMAC_0U_1U
                0x1ffe0024        0x1 ./synergy/ssp/src/bsp/mcu/s7g2/bsp_hw_locks.o
                0x1ffe0024                g_hw_lock_DMAC_0U_1U
 .hw_lock.DMAC_0U_2U
                0x1ffe0025        0x1 ./synergy/ssp/src/bsp/mcu/s7g2/bsp_hw_locks.o
                0x1ffe0025                g_hw_lock_DMAC_0U_2U
 .hw_lock.DMAC_0U_3U
                0x1ffe0026        0x1 ./synergy/ssp/src/bsp/mcu/s7g2/bsp_hw_locks.o
                0x1ffe0026                g_hw_lock_DMAC_0U_3U
 .hw_lock.DMAC_0U_4U
                0x1ffe0027        0x1 ./synergy/ssp/src/bsp/mcu/s7g2/bsp_hw_locks.o
                0x1ffe0027                g_hw_lock_DMAC_0U_4U
 .hw_lock.DMAC_0U_5U
                0x1ffe0028        0x1 ./synergy/ssp/src/bsp/mcu/s7g2/bsp_hw_locks.o
                0x1ffe0028                g_hw_lock_DMAC_0U_5U
 .hw_lock.DMAC_0U_6U
                0x1ffe0029        0x1 ./synergy/ssp/src/bsp/mcu/s7g2/bsp_hw_locks.o
                0x1ffe0029                g_hw_lock_DMAC_0U_6U
 .hw_lock.DMAC_0U_7U
                0x1ffe002a        0x1 ./synergy/ssp/src/bsp/mcu/s7g2/bsp_hw_locks.o
                0x1ffe002a                g_hw_lock_DMAC_0U_7U
 .hw_lock.DOC_0U_0U
                0x1ffe002b        0x1 ./synergy/ssp/src/bsp/mcu/s7g2/bsp_hw_locks.o
                0x1ffe002b                g_hw_lock_DOC_0U_0U
 .hw_lock.DRW_0U_0U
                0x1ffe002c        0x1 ./synergy/ssp/src/bsp/mcu/s7g2/bsp_hw_locks.o
                0x1ffe002c                g_hw_lock_DRW_0U_0U
 .hw_lock.DTC_0U_0U
                0x1ffe002d        0x1 ./synergy/ssp/src/bsp/mcu/s7g2/bsp_hw_locks.o
                0x1ffe002d                g_hw_lock_DTC_0U_0U
 .hw_lock.ELC_0U_0U
                0x1ffe002e        0x1 ./synergy/ssp/src/bsp/mcu/s7g2/bsp_hw_locks.o
                0x1ffe002e                g_hw_lock_ELC_0U_0U
 .hw_lock.EPTPC_0U_0U
                0x1ffe002f        0x1 ./synergy/ssp/src/bsp/mcu/s7g2/bsp_hw_locks.o
                0x1ffe002f                g_hw_lock_EPTPC_0U_0U
 .hw_lock.ETHER_0U_0U
                0x1ffe0030        0x1 ./synergy/ssp/src/bsp/mcu/s7g2/bsp_hw_locks.o
                0x1ffe0030                g_hw_lock_ETHER_0U_0U
 .hw_lock.ETHER_0U_1U
                0x1ffe0031        0x1 ./synergy/ssp/src/bsp/mcu/s7g2/bsp_hw_locks.o
                0x1ffe0031                g_hw_lock_ETHER_0U_1U
 .hw_lock.FCU_0U_0U
                0x1ffe0032        0x1 ./synergy/ssp/src/bsp/mcu/s7g2/bsp_hw_locks.o
                0x1ffe0032                g_hw_lock_FCU_0U_0U
 .hw_lock.GLCDC_0U_0U
                0x1ffe0033        0x1 ./synergy/ssp/src/bsp/mcu/s7g2/bsp_hw_locks.o
                0x1ffe0033                g_hw_lock_GLCDC_0U_0U
 .hw_lock.GPT_0U_0U
                0x1ffe0034        0x1 ./synergy/ssp/src/bsp/mcu/s7g2/bsp_hw_locks.o
                0x1ffe0034                g_hw_lock_GPT_0U_0U
 .hw_lock.GPT_0U_10U
                0x1ffe0035        0x1 ./synergy/ssp/src/bsp/mcu/s7g2/bsp_hw_locks.o
                0x1ffe0035                g_hw_lock_GPT_0U_10U
 .hw_lock.GPT_0U_11U
                0x1ffe0036        0x1 ./synergy/ssp/src/bsp/mcu/s7g2/bsp_hw_locks.o
                0x1ffe0036                g_hw_lock_GPT_0U_11U
 .hw_lock.GPT_0U_12U
                0x1ffe0037        0x1 ./synergy/ssp/src/bsp/mcu/s7g2/bsp_hw_locks.o
                0x1ffe0037                g_hw_lock_GPT_0U_12U
 .hw_lock.GPT_0U_13U
                0x1ffe0038        0x1 ./synergy/ssp/src/bsp/mcu/s7g2/bsp_hw_locks.o
                0x1ffe0038                g_hw_lock_GPT_0U_13U
 .hw_lock.GPT_0U_1U
                0x1ffe0039        0x1 ./synergy/ssp/src/bsp/mcu/s7g2/bsp_hw_locks.o
                0x1ffe0039                g_hw_lock_GPT_0U_1U
 .hw_lock.GPT_0U_2U
                0x1ffe003a        0x1 ./synergy/ssp/src/bsp/mcu/s7g2/bsp_hw_locks.o
                0x1ffe003a                g_hw_lock_GPT_0U_2U
 .hw_lock.GPT_0U_3U
                0x1ffe003b        0x1 ./synergy/ssp/src/bsp/mcu/s7g2/bsp_hw_locks.o
                0x1ffe003b                g_hw_lock_GPT_0U_3U
 .hw_lock.GPT_0U_4U
                0x1ffe003c        0x1 ./synergy/ssp/src/bsp/mcu/s7g2/bsp_hw_locks.o
                0x1ffe003c                g_hw_lock_GPT_0U_4U
 .hw_lock.GPT_0U_5U
                0x1ffe003d        0x1 ./synergy/ssp/src/bsp/mcu/s7g2/bsp_hw_locks.o
                0x1ffe003d                g_hw_lock_GPT_0U_5U
 .hw_lock.GPT_0U_6U
                0x1ffe003e        0x1 ./synergy/ssp/src/bsp/mcu/s7g2/bsp_hw_locks.o
                0x1ffe003e                g_hw_lock_GPT_0U_6U
 .hw_lock.GPT_0U_7U
                0x1ffe003f        0x1 ./synergy/ssp/src/bsp/mcu/s7g2/bsp_hw_locks.o
                0x1ffe003f                g_hw_lock_GPT_0U_7U
 .hw_lock.GPT_0U_8U
                0x1ffe0040        0x1 ./synergy/ssp/src/bsp/mcu/s7g2/bsp_hw_locks.o
                0x1ffe0040                g_hw_lock_GPT_0U_8U
 .hw_lock.GPT_0U_9U
                0x1ffe0041        0x1 ./synergy/ssp/src/bsp/mcu/s7g2/bsp_hw_locks.o
                0x1ffe0041                g_hw_lock_GPT_0U_9U
 .hw_lock.ICU_0U_0U
                0x1ffe0042        0x1 ./synergy/ssp/src/bsp/mcu/s7g2/bsp_hw_locks.o
                0x1ffe0042                g_hw_lock_ICU_0U_0U
 .hw_lock.ICU_0U_10U
                0x1ffe0043        0x1 ./synergy/ssp/src/bsp/mcu/s7g2/bsp_hw_locks.o
                0x1ffe0043                g_hw_lock_ICU_0U_10U
 .hw_lock.ICU_0U_11U
                0x1ffe0044        0x1 ./synergy/ssp/src/bsp/mcu/s7g2/bsp_hw_locks.o
                0x1ffe0044                g_hw_lock_ICU_0U_11U
 .hw_lock.ICU_0U_12U
                0x1ffe0045        0x1 ./synergy/ssp/src/bsp/mcu/s7g2/bsp_hw_locks.o
                0x1ffe0045                g_hw_lock_ICU_0U_12U
 .hw_lock.ICU_0U_13U
                0x1ffe0046        0x1 ./synergy/ssp/src/bsp/mcu/s7g2/bsp_hw_locks.o
                0x1ffe0046                g_hw_lock_ICU_0U_13U
 .hw_lock.ICU_0U_14U
                0x1ffe0047        0x1 ./synergy/ssp/src/bsp/mcu/s7g2/bsp_hw_locks.o
                0x1ffe0047                g_hw_lock_ICU_0U_14U
 .hw_lock.ICU_0U_15U
                0x1ffe0048        0x1 ./synergy/ssp/src/bsp/mcu/s7g2/bsp_hw_locks.o
                0x1ffe0048                g_hw_lock_ICU_0U_15U
 .hw_lock.ICU_0U_1U
                0x1ffe0049        0x1 ./synergy/ssp/src/bsp/mcu/s7g2/bsp_hw_locks.o
                0x1ffe0049                g_hw_lock_ICU_0U_1U
 .hw_lock.ICU_0U_2U
                0x1ffe004a        0x1 ./synergy/ssp/src/bsp/mcu/s7g2/bsp_hw_locks.o
                0x1ffe004a                g_hw_lock_ICU_0U_2U
 .hw_lock.ICU_0U_3U
                0x1ffe004b        0x1 ./synergy/ssp/src/bsp/mcu/s7g2/bsp_hw_locks.o
                0x1ffe004b                g_hw_lock_ICU_0U_3U
 .hw_lock.ICU_0U_4U
                0x1ffe004c        0x1 ./synergy/ssp/src/bsp/mcu/s7g2/bsp_hw_locks.o
                0x1ffe004c                g_hw_lock_ICU_0U_4U
 .hw_lock.ICU_0U_5U
                0x1ffe004d        0x1 ./synergy/ssp/src/bsp/mcu/s7g2/bsp_hw_locks.o
                0x1ffe004d                g_hw_lock_ICU_0U_5U
 .hw_lock.ICU_0U_6U
                0x1ffe004e        0x1 ./synergy/ssp/src/bsp/mcu/s7g2/bsp_hw_locks.o
                0x1ffe004e                g_hw_lock_ICU_0U_6U
 .hw_lock.ICU_0U_7U
                0x1ffe004f        0x1 ./synergy/ssp/src/bsp/mcu/s7g2/bsp_hw_locks.o
                0x1ffe004f                g_hw_lock_ICU_0U_7U
 .hw_lock.ICU_0U_8U
                0x1ffe0050        0x1 ./synergy/ssp/src/bsp/mcu/s7g2/bsp_hw_locks.o
                0x1ffe0050                g_hw_lock_ICU_0U_8U
 .hw_lock.ICU_0U_9U
                0x1ffe0051        0x1 ./synergy/ssp/src/bsp/mcu/s7g2/bsp_hw_locks.o
                0x1ffe0051                g_hw_lock_ICU_0U_9U
 .hw_lock.IIC_0U_0U
                0x1ffe0052        0x1 ./synergy/ssp/src/bsp/mcu/s7g2/bsp_hw_locks.o
                0x1ffe0052                g_hw_lock_IIC_0U_0U
 .hw_lock.IIC_0U_1U
                0x1ffe0053        0x1 ./synergy/ssp/src/bsp/mcu/s7g2/bsp_hw_locks.o
                0x1ffe0053                g_hw_lock_IIC_0U_1U
 .hw_lock.IIC_0U_2U
                0x1ffe0054        0x1 ./synergy/ssp/src/bsp/mcu/s7g2/bsp_hw_locks.o
                0x1ffe0054                g_hw_lock_IIC_0U_2U
 .hw_lock.IRDA_0U_0U
                0x1ffe0055        0x1 ./synergy/ssp/src/bsp/mcu/s7g2/bsp_hw_locks.o
                0x1ffe0055                g_hw_lock_IRDA_0U_0U
 .hw_lock.IWDT_0U_0U
                0x1ffe0056        0x1 ./synergy/ssp/src/bsp/mcu/s7g2/bsp_hw_locks.o
                0x1ffe0056                g_hw_lock_IWDT_0U_0U
 .hw_lock.JPEG_0U_0U
                0x1ffe0057        0x1 ./synergy/ssp/src/bsp/mcu/s7g2/bsp_hw_locks.o
                0x1ffe0057                g_hw_lock_JPEG_0U_0U
 .hw_lock.KEY_0U_0U
                0x1ffe0058        0x1 ./synergy/ssp/src/bsp/mcu/s7g2/bsp_hw_locks.o
                0x1ffe0058                g_hw_lock_KEY_0U_0U
 .hw_lock.LPM_1U_0U
                0x1ffe0059        0x1 ./synergy/ssp/src/bsp/mcu/s7g2/bsp_hw_locks.o
                0x1ffe0059                g_hw_lock_LPM_1U_0U
 .hw_lock.LVD_0U_0U
                0x1ffe005a        0x1 ./synergy/ssp/src/bsp/mcu/s7g2/bsp_hw_locks.o
                0x1ffe005a                g_hw_lock_LVD_0U_0U
 .hw_lock.LVD_0U_1U
                0x1ffe005b        0x1 ./synergy/ssp/src/bsp/mcu/s7g2/bsp_hw_locks.o
                0x1ffe005b                g_hw_lock_LVD_0U_1U
 .hw_lock.MMF_0U_0U
                0x1ffe005c        0x1 ./synergy/ssp/src/bsp/mcu/s7g2/bsp_hw_locks.o
                0x1ffe005c                g_hw_lock_MMF_0U_0U
 .hw_lock.MPU_0U_0U
                0x1ffe005d        0x1 ./synergy/ssp/src/bsp/mcu/s7g2/bsp_hw_locks.o
                0x1ffe005d                g_hw_lock_MPU_0U_0U
 .hw_lock.OPS_0U_0U
                0x1ffe005e        0x1 ./synergy/ssp/src/bsp/mcu/s7g2/bsp_hw_locks.o
                0x1ffe005e                g_hw_lock_OPS_0U_0U
 .hw_lock.PDC_0U_0U
                0x1ffe005f        0x1 ./synergy/ssp/src/bsp/mcu/s7g2/bsp_hw_locks.o
                0x1ffe005f                g_hw_lock_PDC_0U_0U
 .hw_lock.POEG_0U_0U
                0x1ffe0060        0x1 ./synergy/ssp/src/bsp/mcu/s7g2/bsp_hw_locks.o
                0x1ffe0060                g_hw_lock_POEG_0U_0U
 .hw_lock.POEG_0U_1U
                0x1ffe0061        0x1 ./synergy/ssp/src/bsp/mcu/s7g2/bsp_hw_locks.o
                0x1ffe0061                g_hw_lock_POEG_0U_1U
 .hw_lock.POEG_0U_2U
                0x1ffe0062        0x1 ./synergy/ssp/src/bsp/mcu/s7g2/bsp_hw_locks.o
                0x1ffe0062                g_hw_lock_POEG_0U_2U
 .hw_lock.POEG_0U_3U
                0x1ffe0063        0x1 ./synergy/ssp/src/bsp/mcu/s7g2/bsp_hw_locks.o
                0x1ffe0063                g_hw_lock_POEG_0U_3U
 .hw_lock.QSPI_0U_0U
                0x1ffe0064        0x1 ./synergy/ssp/src/bsp/mcu/s7g2/bsp_hw_locks.o
                0x1ffe0064                g_hw_lock_QSPI_0U_0U
 .hw_lock.RTC_0U_0U
                0x1ffe0065        0x1 ./synergy/ssp/src/bsp/mcu/s7g2/bsp_hw_locks.o
                0x1ffe0065                g_hw_lock_RTC_0U_0U
 .hw_lock.SCE_0U_0U
                0x1ffe0066        0x1 ./synergy/ssp/src/bsp/mcu/s7g2/bsp_hw_locks.o
                0x1ffe0066                g_hw_lock_SCE_0U_0U
 .hw_lock.SCI_0U_0U
                0x1ffe0067        0x1 ./synergy/ssp/src/bsp/mcu/s7g2/bsp_hw_locks.o
                0x1ffe0067                g_hw_lock_SCI_0U_0U
 .hw_lock.SCI_0U_1U
                0x1ffe0068        0x1 ./synergy/ssp/src/bsp/mcu/s7g2/bsp_hw_locks.o
                0x1ffe0068                g_hw_lock_SCI_0U_1U
 .hw_lock.SCI_0U_2U
                0x1ffe0069        0x1 ./synergy/ssp/src/bsp/mcu/s7g2/bsp_hw_locks.o
                0x1ffe0069                g_hw_lock_SCI_0U_2U
 .hw_lock.SCI_0U_3U
                0x1ffe006a        0x1 ./synergy/ssp/src/bsp/mcu/s7g2/bsp_hw_locks.o
                0x1ffe006a                g_hw_lock_SCI_0U_3U
 .hw_lock.SCI_0U_4U
                0x1ffe006b        0x1 ./synergy/ssp/src/bsp/mcu/s7g2/bsp_hw_locks.o
                0x1ffe006b                g_hw_lock_SCI_0U_4U
 .hw_lock.SCI_0U_5U
                0x1ffe006c        0x1 ./synergy/ssp/src/bsp/mcu/s7g2/bsp_hw_locks.o
                0x1ffe006c                g_hw_lock_SCI_0U_5U
 .hw_lock.SCI_0U_6U
                0x1ffe006d        0x1 ./synergy/ssp/src/bsp/mcu/s7g2/bsp_hw_locks.o
                0x1ffe006d                g_hw_lock_SCI_0U_6U
 .hw_lock.SCI_0U_7U
                0x1ffe006e        0x1 ./synergy/ssp/src/bsp/mcu/s7g2/bsp_hw_locks.o
                0x1ffe006e                g_hw_lock_SCI_0U_7U
 .hw_lock.SCI_0U_8U
                0x1ffe006f        0x1 ./synergy/ssp/src/bsp/mcu/s7g2/bsp_hw_locks.o
                0x1ffe006f                g_hw_lock_SCI_0U_8U
 .hw_lock.SCI_0U_9U
                0x1ffe0070        0x1 ./synergy/ssp/src/bsp/mcu/s7g2/bsp_hw_locks.o
                0x1ffe0070                g_hw_lock_SCI_0U_9U
 .hw_lock.SDHIMMC_0U_0U
                0x1ffe0071        0x1 ./synergy/ssp/src/bsp/mcu/s7g2/bsp_hw_locks.o
                0x1ffe0071                g_hw_lock_SDHIMMC_0U_0U
 .hw_lock.SDHIMMC_0U_1U
                0x1ffe0072        0x1 ./synergy/ssp/src/bsp/mcu/s7g2/bsp_hw_locks.o
                0x1ffe0072                g_hw_lock_SDHIMMC_0U_1U
 .hw_lock.SPI_0U_0U
                0x1ffe0073        0x1 ./synergy/ssp/src/bsp/mcu/s7g2/bsp_hw_locks.o
                0x1ffe0073                g_hw_lock_SPI_0U_0U
 .hw_lock.SPI_0U_1U
                0x1ffe0074        0x1 ./synergy/ssp/src/bsp/mcu/s7g2/bsp_hw_locks.o
                0x1ffe0074                g_hw_lock_SPI_0U_1U
 .hw_lock.SRC_0U_0U
                0x1ffe0075        0x1 ./synergy/ssp/src/bsp/mcu/s7g2/bsp_hw_locks.o
                0x1ffe0075                g_hw_lock_SRC_0U_0U
 .hw_lock.SSI_0U_0U
                0x1ffe0076        0x1 ./synergy/ssp/src/bsp/mcu/s7g2/bsp_hw_locks.o
                0x1ffe0076                g_hw_lock_SSI_0U_0U
 .hw_lock.SSI_0U_1U
                0x1ffe0077        0x1 ./synergy/ssp/src/bsp/mcu/s7g2/bsp_hw_locks.o
                0x1ffe0077                g_hw_lock_SSI_0U_1U
 .hw_lock.TSN_0U_0U
                0x1ffe0078        0x1 ./synergy/ssp/src/bsp/mcu/s7g2/bsp_hw_locks.o
                0x1ffe0078                g_hw_lock_TSN_0U_0U
 .hw_lock.USB_0U_0U
                0x1ffe0079        0x1 ./synergy/ssp/src/bsp/mcu/s7g2/bsp_hw_locks.o
                0x1ffe0079                g_hw_lock_USB_0U_0U
 .hw_lock.USB_1U_0U
                0x1ffe007a        0x1 ./synergy/ssp/src/bsp/mcu/s7g2/bsp_hw_locks.o
                0x1ffe007a                g_hw_lock_USB_1U_0U
 .hw_lock.WDT_0U_0U
                0x1ffe007b        0x1 ./synergy/ssp/src/bsp/mcu/s7g2/bsp_hw_locks.o
                0x1ffe007b                g_hw_lock_WDT_0U_0U
                0x1ffe007c                __Lock_End = .
                0x1ffe007c                . = ALIGN (0x4)
                0x1ffe007c                __data_end__ = .
                0x0000006c                __Lock_Size = (__Lock_End - __Lock_Start)

.igot.plt       0x1ffe007c        0x0 load address 0x00005690
 .igot.plt      0x00000000        0x0 c:/program files (x86)/gnu tools arm embedded/4.9 2015q3/bin/../lib/gcc/arm-none-eabi/4.9.3/armv7e-m/fpu/crtbegin.o

.qspi_flash     0x60000000        0x0
                0x60000000                __qspi_flash_start__ = .
 *(.qspi_flash*)
                0x60000000                __qspi_flash_end__ = .
                0x00000000                __qspi_flash_code_size__ = (__qspi_flash_end__ - __qspi_flash_start__)
                0x00005690                __qspi_flash_code_addr__ = (__etext + (__data_end__ - __data_start__))

.qspi_non_retentive
                0x60000000        0x0 load address 0x00005690
                0x60000000                __qspi_non_retentive_start__ = .
 *(.qspi_non_retentive*)
                0x60000000                __qspi_non_retentive_end__ = .
                0x00000000                __qspi_non_retentive_size__ = (__qspi_non_retentive_end__ - __qspi_non_retentive_start__)
                0x04000000                __qspi_region_max_size__ = 0x4000000
                0x60000000                __qspi_region_start_address__ = __qspi_flash_start__
                0x64000000                __qspi_region_end_address__ = (__qspi_flash_start__ + __qspi_region_max_size__)

.noinit         0x1ffe007c       0x38 load address 0x00005690
                0x1ffe007c                . = ALIGN (0x4)
                0x1ffe007c                __noinit_start = .
 *(.noinit*)
 .noinit        0x1ffe007c       0x14 ./synergy/ssp/src/driver/r_ioport/r_ioport.o
 .noinit        0x1ffe0090        0x4 ./synergy/ssp/src/driver/r_fmi/r_fmi.o
 .noinit        0x1ffe0094       0x18 ./synergy/ssp/src/driver/r_cgc/hw/hw_cgc.o
 .noinit        0x1ffe00ac        0x8 ./synergy/ssp/src/driver/r_cgc/r_cgc.o
                0x1ffe00ac                gp_cgc_feature
                0x1ffe00b4                __noinit_end = .

.bss            0x1ffe00b4       0xb0 load address 0x000056c8
                0x1ffe00b4                . = ALIGN (0x4)
                0x1ffe00b4                __bss_start__ = .
 *(.bss*)
 .bss           0x1ffe00b4       0x1c c:/program files (x86)/gnu tools arm embedded/4.9 2015q3/bin/../lib/gcc/arm-none-eabi/4.9.3/armv7e-m/fpu/crtbegin.o
 .bss.g_protect_pfswe_counter
                0x1ffe00d0        0x2 ./synergy/ssp/src/driver/r_ioport/r_ioport.o
                0x1ffe00d0                g_protect_pfswe_counter
 *fill*         0x1ffe00d2        0x2 
 .bss.gp_elc_reg
                0x1ffe00d4        0x4 ./synergy/ssp/src/driver/r_elc/r_elc.o
 .bss.g_bsp_group_irq_sources
                0x1ffe00d8       0x30 ./synergy/ssp/src/bsp/mcu/s7g2/bsp_group_irq.o
 .bss.g_vector_information_size
                0x1ffe0108        0x4 ./synergy/ssp/src/bsp/mcu/all/bsp_irq.o
                0x1ffe0108                g_vector_information_size
 .bss.g_bsp_lock_lookup_size
                0x1ffe010c        0x4 ./synergy/ssp/src/bsp/mcu/all/bsp_locking.o
 .bss.gp_bsp_lock_lookup
                0x1ffe0110        0x4 ./synergy/ssp/src/bsp/mcu/all/bsp_locking.o
 .bss.gp_bsp_locks
                0x1ffe0114        0x4 ./synergy/ssp/src/bsp/mcu/all/bsp_locking.o
 .bss.g_protect_counters
                0x1ffe0118        0x6 ./synergy/ssp/src/bsp/mcu/all/bsp_register_protection.o
 *fill*         0x1ffe011e        0x2 
 .bss.SystemCoreClock
                0x1ffe0120        0x4 ./synergy/ssp/src/bsp/cmsis/Device/RENESAS/S7G2/Source/system_S7G2.o
                0x1ffe0120                SystemCoreClock
 .bss.device_characteristics
                0x1ffe0124        0x3 ./synergy/board/s7g2_sk/bsp_qspi.o
 *fill*         0x1ffe0127        0x1 
 .bss.flag_status1
                0x1ffe0128        0x1 ./synergy/board/s7g2_sk/bsp_qspi.o
 *fill*         0x1ffe0129        0x3 
 .bss.flag_status2
                0x1ffe012c        0x1 ./synergy/board/s7g2_sk/bsp_qspi.o
 *fill*         0x1ffe012d        0x3 
 .bss.g_timer0_ctrl
                0x1ffe0130       0x14 ./src/synergy_gen/hal_data.o
 .bss.gp_ctrl_ICU_IRQ10
                0x1ffe0144        0x4 ./src/synergy_gen/hal_data.o
 .bss.g_external_irq0_ctrl
                0x1ffe0148       0x14 ./src/synergy_gen/hal_data.o
 *(COMMON)
 COMMON         0x1ffe015c        0x8 ./src/hal_entry.o
                0x1ffe015c                Leds
                0x1ffe0164                . = ALIGN (0x4)
                0x1ffe0164                __bss_end__ = .

.heap           0x1ffe0168     0x1000 load address 0x00005780
                0x1ffe0168                . = ALIGN (0x8)
 *(.heap_d1)
                0x1ffe0168                . = ALIGN (0x8)
                0x1ffe0168                __HeapBase = .
                0x1ffe0168                __end__ = .
                0x1ffe0168                end = __end__
 *(.heap*)
 .heap          0x1ffe0168     0x1000 ./synergy/ssp/src/bsp/cmsis/Device/RENESAS/S7G2/Source/startup_S7G2.o
                0x1ffe1168                __HeapLimit = .

.stack_dummy    0x1ffe1168     0x1000 load address 0x00006780
                0x1ffe1168                . = ALIGN (0x8)
                0x1ffe1168                __StackLimit = .
 *(.stack*)
 .stack         0x1ffe1168     0x1000 ./synergy/ssp/src/bsp/cmsis/Device/RENESAS/S7G2/Source/startup_S7G2.o
                0x1ffe2168                __StackTop = .
                0x1ffe2168                PROVIDE (__stack, __StackTop)
                0x1ffe2168                __RAM_segment_used_end__ = ALIGN (__StackTop, 0x4)

.data_flash     0x40100000        0x0
                0x40100000                __Data_Flash_Start = .
 *(.data_flash*)
                0x40100000                __Data_Flash_End = .

.sdram          0x90000000        0x0
                0x90000000                __SDRAM_Start = .
 *(.sdram*)
 *(.frame*)
                0x90000000                __SDRAM_End = .

.id_code_1      0x40120050       0x10
                0x40120050                __ID_Codes_Start = .
 *(.id_code_1*)
 .id_code_1     0x40120050       0x10 ./synergy/ssp/src/bsp/mcu/s7g2/bsp_rom_registers.o
                0x40120060                __ID_Codes_End = .
OUTPUT(ISR_Example.elf elf32-littlearm)

.rel.dyn        0x40120060        0x0
 .rel.iplt      0x00000000        0x0 c:/program files (x86)/gnu tools arm embedded/4.9 2015q3/bin/../lib/gcc/arm-none-eabi/4.9.3/armv7e-m/fpu/crtbegin.o

.ARM.attributes
                0x00000000       0x30
 .ARM.attributes
                0x00000000       0x22 c:/program files (x86)/gnu tools arm embedded/4.9 2015q3/bin/../lib/gcc/arm-none-eabi/4.9.3/armv7e-m/fpu/crti.o
 .ARM.attributes
                0x00000022       0x34 c:/program files (x86)/gnu tools arm embedded/4.9 2015q3/bin/../lib/gcc/arm-none-eabi/4.9.3/armv7e-m/fpu/crtbegin.o
 .ARM.attributes
                0x00000056       0x39 ./synergy/ssp/src/driver/r_ioport/r_ioport.o
 .ARM.attributes
                0x0000008f       0x39 ./synergy/ssp/src/driver/r_icu/r_icu.o
 .ARM.attributes
                0x000000c8       0x39 ./synergy/ssp/src/driver/r_gpt/r_gpt.o
 .ARM.attributes
                0x00000101       0x39 ./synergy/ssp/src/driver/r_fmi/r_fmi.o
 .ARM.attributes
                0x0000013a       0x39 ./synergy/ssp/src/driver/r_elc/r_elc.o
 .ARM.attributes
                0x00000173       0x39 ./synergy/ssp/src/driver/r_cgc/hw/hw_cgc.o
 .ARM.attributes
                0x000001ac       0x39 ./synergy/ssp/src/driver/r_cgc/r_cgc.o
 .ARM.attributes
                0x000001e5       0x39 ./synergy/ssp/src/bsp/mcu/s7g2/bsp_cache.o
 .ARM.attributes
                0x0000021e       0x39 ./synergy/ssp/src/bsp/mcu/s7g2/bsp_clocks.o
 .ARM.attributes
                0x00000257       0x39 ./synergy/ssp/src/bsp/mcu/s7g2/bsp_feature.o
 .ARM.attributes
                0x00000290       0x39 ./synergy/ssp/src/bsp/mcu/s7g2/bsp_fmi_R7FS7G27H3A01CFC.o
 .ARM.attributes
                0x000002c9       0x39 ./synergy/ssp/src/bsp/mcu/s7g2/bsp_group_irq.o
 .ARM.attributes
                0x00000302       0x39 ./synergy/ssp/src/bsp/mcu/s7g2/bsp_hw_locks.o
 .ARM.attributes
                0x0000033b       0x39 ./synergy/ssp/src/bsp/mcu/s7g2/bsp_module_stop.o
 .ARM.attributes
                0x00000374       0x39 ./synergy/ssp/src/bsp/mcu/s7g2/bsp_rom_registers.o
 .ARM.attributes
                0x000003ad       0x39 ./synergy/ssp/src/bsp/mcu/all/bsp_common.o
 .ARM.attributes
                0x000003e6       0x39 ./synergy/ssp/src/bsp/mcu/all/bsp_common_leds.o
 .ARM.attributes
                0x0000041f       0x39 ./synergy/ssp/src/bsp/mcu/all/bsp_delay.o
 .ARM.attributes
                0x00000458       0x39 ./synergy/ssp/src/bsp/mcu/all/bsp_irq.o
 .ARM.attributes
                0x00000491       0x39 ./synergy/ssp/src/bsp/mcu/all/bsp_locking.o
 .ARM.attributes
                0x000004ca       0x39 ./synergy/ssp/src/bsp/mcu/all/bsp_register_protection.o
 .ARM.attributes
                0x00000503       0x39 ./synergy/ssp/src/bsp/cmsis/Device/RENESAS/S7G2/Source/startup_S7G2.o
 .ARM.attributes
                0x0000053c       0x39 ./synergy/ssp/src/bsp/cmsis/Device/RENESAS/S7G2/Source/system_S7G2.o
 .ARM.attributes
                0x00000575       0x39 ./synergy/board/s7g2_sk/bsp_init.o
 .ARM.attributes
                0x000005ae       0x39 ./synergy/board/s7g2_sk/bsp_leds.o
 .ARM.attributes